[vmdstavby.cz/index.html]
[backblue.gif]
[fade.gif]
[index.html]
[vmdstavby.cz/modules/mod_jp_smooth_gallery/smooth_gallery/jd.gallery.css]
[vmdstavby.cz/modules/mod_jp_smooth_gallery/smooth_gallery/layout.css]
[vmdstavby.cz/media/system/js/core.js]
[vmdstavby.cz/media/system/js/caption.js]
[vmdstavby.cz/templates/system/css/general.css]
[vmdstavby.cz/templates/jp_lofthouse/css/layout.css]
[vmdstavby.cz/templates/jp_lofthouse/css/template.css]
[vmdstavby.cz/templates/jp_lofthouse/css/left_main_right.css]
[vmdstavby.cz/modules/mod_jp_smooth_gallery/smooth_gallery/jd.gallery.js]
[vmdstavby.cz/templates/jp_lofthouse/css/menu.css]
[vmdstavby.cz/templates/jp_lofthouse/css/suckerfish.css]
[vmdstavby.cz/media/system/js/mootools-core.js]
[vmdstavby.cz/templates/jp_lofthouse/css/module.css]
[vmdstavby.cz/templates/jp_lofthouse/css/jp_typo.css]
[vmdstavby.cz/templates/jp_lofthouse/css/css3.css]
[vmdstavby.cz/templates/jp_lofthouse/js/slimbox.js]
[vmdstavby.cz/templates/jp_lofthouse/js/moomenu.js]
[vmdstavby.cz/templates/jp_lofthouse/images/favicon.ico]
[vmdstavby.cz/images/smooth_gallery/hlavni_04.jpg]
[vmdstavby.cz/images/smooth_gallery/hlavni_02.jpg]
[vmdstavby.cz/images/smooth_gallery/hlavni_03.jpg]
[vmdstavby.cz/media/system/js/mootools-more.js]
[vmdstavby.cz/images/smooth_gallery/hlavni_15.jpg]
[vmdstavby.cz/images/smooth_gallery/hlavni_09.jpg]
[vmdstavby.cz/images/smooth_gallery/hlavni_07.jpg]
[vmdstavby.cz/images/smooth_gallery/hlavni_16.jpg]
[vmdstavby.cz/images/smooth_gallery/hlavni_11.jpg]
[vmdstavby.cz/images/smooth_gallery/hlavni_12.jpg]
[vmdstavby.cz/index.php/stavbynaklic.html]
[vmdstavby.cz/index.php/typove-domy.html]
[vmdstavby.cz/index.php/projekty-na-zakazku.html]
[vmdstavby.cz/index.php/doplnkove-sluzby.html]
[vmdstavby.cz/index.php/galerie.html]
[vmdstavby.cz/index.php/dotazy.html]
[vmdstavby.cz/index.php/kontakt.html]
[vmdstavby.cz/index.html]
[vmdstavby.cz/images/typove_projekty/fotka_home.png]
[vmdstavby.cz/modules/mod_jp_smooth_gallery/smooth_gallery/images/fleche1.png]
[vmdstavby.cz/modules/mod_jp_smooth_gallery/smooth_gallery/images/fleche2.png]
[vmdstavby.cz/modules/mod_jp_smooth_gallery/smooth_gallery/images/open.png]
[vmdstavby.cz/modules/mod_jp_smooth_gallery/smooth_gallery/jd.gallery.css]
[vmdstavby.cz/modules/mod_jp_smooth_gallery/smooth_gallery/layout.css]
[vmdstavby.cz/templates/system/images/j_button2_left.png]
[vmdstavby.cz/templates/system/images/j_button2_right.png]
[vmdstavby.cz/templates/system/images/j_button2_image.png]
[vmdstavby.cz/templates/system/images/j_button2_readmore.png]
[vmdstavby.cz/templates/system/images/j_button2_pagebreak.png]
[vmdstavby.cz/templates/system/images/j_button2_blank.png]
[vmdstavby.cz/templates/system/images/selector-arrow.png]
[vmdstavby.cz/templates/system/images/calendar.png]
[vmdstavby.cz/templates/system/css/general.css]
[vmdstavby.cz/templates/jp_lofthouse/images/body-bg.gif]
[vmdstavby.cz/templates/jp_lofthouse/images/slideshow-shadow.png]
[vmdstavby.cz/templates/jp_lofthouse/images/button-bg.gif]
[vmdstavby.cz/templates/jp_lofthouse/images/attention.png]
[vmdstavby.cz/templates/jp_lofthouse/images/info.png]
[vmdstavby.cz/templates/jp_lofthouse/images/error.png]
[vmdstavby.cz/templates/jp_lofthouse/images/unused.png]
[vmdstavby.cz/templates/jp_lofthouse/images/used.png]
[vmdstavby.cz/templates/jp_lofthouse/images/prev.png]
[vmdstavby.cz/templates/jp_lofthouse/images/play.png]
[vmdstavby.cz/templates/jp_lofthouse/images/stop.png]
[vmdstavby.cz/templates/jp_lofthouse/images/next.png]
[vmdstavby.cz/templates/jp_lofthouse/images/prev_hover.png]
[vmdstavby.cz/templates/jp_lofthouse/images/play_hover.png]
[vmdstavby.cz/templates/jp_lofthouse/images/stop_hover.png]
[vmdstavby.cz/templates/jp_lofthouse/images/next_hover.png]
[vmdstavby.cz/templates/jp_lofthouse/images/prevlabel.gif]
[vmdstavby.cz/templates/jp_lofthouse/images/nextlabel.gif]
[vmdstavby.cz/templates/jp_lofthouse/images/closelabel.gif]
[vmdstavby.cz/templates/jp_lofthouse/images/enlarge.png]
[vmdstavby.cz/templates/jp_lofthouse/css/layout.css]
[vmdstavby.cz/templates/jp_lofthouse/images/dot2.gif]
[vmdstavby.cz/templates/jp_lofthouse/css/template.css]
[vmdstavby.cz/templates/jp_lofthouse/css/left_main_right.css]
[vmdstavby.cz/templates/jp_lofthouse/images/arrow.png]
[vmdstavby.cz/templates/jp_lofthouse/css/menu.css]
[vmdstavby.cz/templates/jp_lofthouse/images/menu_divider.gif]
[vmdstavby.cz/templates/jp_lofthouse/css/suckerfish.css]
[vmdstavby.cz/templates/jp_lofthouse/css/module.css]
[vmdstavby.cz/templates/jp_lofthouse/images/typo/sc-q.gif]
[vmdstavby.cz/templates/jp_lofthouse/images/typo/so-q.gif]
[vmdstavby.cz/templates/jp_lofthouse/images/typo/arrow.png]
[vmdstavby.cz/templates/jp_lofthouse/images/typo/star.png]
[vmdstavby.cz/templates/jp_lofthouse/images/typo/check.png]
[vmdstavby.cz/templates/jp_lofthouse/images/typo/error.png]
[vmdstavby.cz/templates/jp_lofthouse/images/typo/message.png]
[vmdstavby.cz/templates/jp_lofthouse/images/typo/tips.png]
[vmdstavby.cz/templates/jp_lofthouse/images/typo/key.png]
[vmdstavby.cz/templates/jp_lofthouse/images/typo/tag.png]
[vmdstavby.cz/templates/jp_lofthouse/images/typo/cart.png]
[vmdstavby.cz/templates/jp_lofthouse/images/typo/doc.png]
[vmdstavby.cz/templates/jp_lofthouse/images/typo/note.png]
[vmdstavby.cz/templates/jp_lofthouse/images/typo/photo.png]
[vmdstavby.cz/templates/jp_lofthouse/images/typo/mobi.png]
[vmdstavby.cz/templates/jp_lofthouse/images/typo/sticky-big.png]
[vmdstavby.cz/templates/jp_lofthouse/images/typo/download-big.png]
[vmdstavby.cz/templates/jp_lofthouse/css/jp_typo.css]
[vmdstavby.cz/templates/jp_lofthouse/css/css3.css]
[vmdstavby.cz/images/loga/ytong.gif]
[vmdstavby.cz/images/loga/heluz.png]
[vmdstavby.cz/images/loga/ursa.gif]
[vmdstavby.cz/images/loga/vekra.gif]
[vmdstavby.cz/index.php/stavbynaklic.html]
[vmdstavby.cz/index.php/using-joomla/extensions/components/content-component/article-categories/77-bungalov-60-2-kk.html]
[vmdstavby.cz/images/typove_projekty/Bungalov_60.jpg]
[vmdstavby.cz/images/ostatni/vice_info.jpg]
[vmdstavby.cz/index.php/using-joomla/extensions/components/content-component/article-categories/103-bungalov-98-4-kk.html]
[vmdstavby.cz/images/typove_projekty/Bungalov_98.jpg]
[vmdstavby.cz/index.php/using-joomla/extensions/components/content-component/article-categories/83-bungalov-115-4-kk.html]
[vmdstavby.cz/images/typove_projekty/Bungalov_115.jpg]
[vmdstavby.cz/images/typove_projekty/Bungalov_179.jpg]
[vmdstavby.cz/images/typove_projekty/KLASIK_71.jpg]
[vmdstavby.cz/index.php/using-joomla/extensions/components/content-component/article-categories/91-klasik-83-5-kk.html]
[vmdstavby.cz/images/typove_stavby/KLASIK_83_5.jpg]
[vmdstavby.cz/images/typove_projekty/KLASIK_127.jpg]
[vmdstavby.cz/images/typove_stavby/klasik_143.jpg]
[vmdstavby.cz/images/typove_stavby/klasik_147f.jpg]
[vmdstavby.cz/images/typove_projekty/KLASIK_218.jpg]
[vmdstavby.cz/images/typove_projekty/Bungalov_77.jpg]
[vmdstavby.cz/images/typove_projekty/Bungalov_106.jpg]
[vmdstavby.cz/index.php/using-joomla/extensions/components/content-component/article-categories/84-bungalov-141-4-kk.html]
[vmdstavby.cz/images/typove_projekty/Bungalov_141.jpg]
[vmdstavby.cz/index.php/using-joomla/extensions/components/content-component/article-categories/105-bungalov-150-3-kk-1.html]
[vmdstavby.cz/images/typove_stavby/bungalov_150.jpg]
[vmdstavby.cz/index.php/using-joomla/extensions/components/content-component/article-categories/87-bungalov-275-4-kk-2garaz.html]
[vmdstavby.cz/images/typove_projekty/Bungalov_275.jpg]
[vmdstavby.cz/images/typove_projekty/KLASIK_83.jpg]
[vmdstavby.cz/images/typove_stavby/KLASIK_120.jpg]
[vmdstavby.cz/images/typove_stavby/KLASIK_136.jpg]
[vmdstavby.cz/index.php/using-joomla/extensions/components/content-component/article-categories/97-klasik-150-6-kk.html]
[vmdstavby.cz/images/typove_projekty/KLASIK_150.jpg]
[vmdstavby.cz/images/typove_projekty/Bungalov_114.jpg]
[vmdstavby.cz/index.php/using-joomla/extensions/components/content-component/article-categories/85-bungalov-148-4-kk.html]
[vmdstavby.cz/images/typove_projekty/Bungalov_148.jpg]
[vmdstavby.cz/index.php/using-joomla/extensions/components/content-component/article-categories/102-klasik-56-4-kk.html]
[vmdstavby.cz/images/typove_stavby/KLASIK_56_4_kk.jpg]
[vmdstavby.cz/index.php/using-joomla/extensions/components/content-component/article-categories/93-klasik-125-4-kk.html]
[vmdstavby.cz/images/typove_stavby/KLASIK_125.jpg]
[vmdstavby.cz/index.php/using-joomla/extensions/components/content-component/article-categories/104-klasik-138-6-kk.html]
[vmdstavby.cz/images/typove_stavby/KLASIK_138.jpg]
[vmdstavby.cz/index.php/typove-domy.html]
[vmdstavby.cz/images/typove_projekty/KLASIK_189.jpg]
[vmdstavby.cz/index.php/projekty-na-zakazku.html]
[vmdstavby.cz/index.php/doplnkove-sluzby.html]
[vmdstavby.cz/media/system/css/modal.css]
[vmdstavby.cz/media/system/js/modal.js]
[vmdstavby.cz/components/com_phocagallery/assets/images/shadow1.png]
[vmdstavby.cz/index.php/galerie/category/1-vzorove-stavby5710html.html]
[vmdstavby.cz/components/com_phocagallery/assets/images/icon-feed.png]
[vmdstavby.cz/index.php/galerie/1-vzorove-stavby/detail/20-nase-pracebd57.html]
[vmdstavby.cz/images/phocagallery/stavby/thumbs/phoca_thumb_m_stavby_01.jpg]
[vmdstavby.cz/index.php/galerie/1-vzorove-stavby/detail/20-nase-pracec903.jpg]
[vmdstavby.cz/components/com_phocagallery/assets/images/icon-download.png]
[vmdstavby.cz/index.php/galerie/1-vzorove-stavby/detail/21-nase-pracebd57.html]
[vmdstavby.cz/images/phocagallery/stavby/thumbs/phoca_thumb_m_stavby_02.jpg]
[vmdstavby.cz/index.php/galerie/1-vzorove-stavby/detail/21-nase-pracec903.jpg]
[vmdstavby.cz/images/phocagallery/stavby/thumbs/phoca_thumb_m_stavby_03.jpg]
[vmdstavby.cz/index.php/galerie/1-vzorove-stavby/detail/22-nase-pracec903.jpg]
[vmdstavby.cz/images/phocagallery/stavby/thumbs/phoca_thumb_m_stavby_04.jpg]
[vmdstavby.cz/index.php/galerie/1-vzorove-stavby/detail/23-nase-pracec903.jpg]
[vmdstavby.cz/index.php/galerie/1-vzorove-stavby/detail/24-nase-pracebd57.html]
[vmdstavby.cz/images/phocagallery/stavby/thumbs/phoca_thumb_m_stavby_05.jpg]
[vmdstavby.cz/index.php/galerie/1-vzorove-stavby/detail/24-nase-pracec903.jpg]
[vmdstavby.cz/index.php/galerie/1-vzorove-stavby/detail/25-nase-pracebd57.html]
[vmdstavby.cz/images/phocagallery/stavby/thumbs/phoca_thumb_m_stavby_06.jpg]
[vmdstavby.cz/index.php/galerie/1-vzorove-stavby/detail/25-nase-pracec903.jpg]
[vmdstavby.cz/index.php/galerie/1-vzorove-stavby/detail/26-nase-pracebd57.html]
[vmdstavby.cz/images/phocagallery/stavby/thumbs/phoca_thumb_m_stavby_07.jpg]
[vmdstavby.cz/index.php/galerie/1-vzorove-stavby/detail/26-nase-pracec903.jpg]
[vmdstavby.cz/images/phocagallery/stavby/thumbs/phoca_thumb_m_stavby_08.jpg]
[vmdstavby.cz/index.php/galerie/1-vzorove-stavby/detail/27-nase-pracec903.jpg]
[vmdstavby.cz/images/phocagallery/stavby/thumbs/phoca_thumb_m_stavby_09.jpg]
[vmdstavby.cz/index.php/galerie/1-vzorove-stavby/detail/28-nase-pracec903.jpg]
[vmdstavby.cz/index.php/galerie/1-vzorove-stavby/detail/29-nase-pracebd57.html]
[vmdstavby.cz/images/phocagallery/stavby/thumbs/phoca_thumb_m_stavby_10.jpg]
[vmdstavby.cz/index.php/galerie/1-vzorove-stavby/detail/29-nase-pracec903.jpg]
[vmdstavby.cz/images/phocagallery/stavby/thumbs/phoca_thumb_m_stavby_11.jpg]
[vmdstavby.cz/index.php/galerie/1-vzorove-stavby/detail/30-nase-pracec903.jpg]
[vmdstavby.cz/index.php/galerie/1-vzorove-stavby/detail/31-nase-pracebd57.html]
[vmdstavby.cz/images/phocagallery/stavby/thumbs/phoca_thumb_m_stavby_12.jpg]
[vmdstavby.cz/index.php/galerie/1-vzorove-stavby/detail/31-nase-pracec903.jpg]
[vmdstavby.cz/index.php/galerie/1-vzorove-stavby/detail/32-nase-pracebd57.html]
[vmdstavby.cz/images/phocagallery/stavby/thumbs/phoca_thumb_m_stavby_13.jpg]
[vmdstavby.cz/index.php/galerie/1-vzorove-stavby/detail/32-nase-pracec903.jpg]
[vmdstavby.cz/images/phocagallery/stavby/thumbs/phoca_thumb_m_stavby_14.jpg]
[vmdstavby.cz/index.php/galerie/1-vzorove-stavby/detail/33-nase-pracec903.jpg]
[vmdstavby.cz/index.php/galerie/1-vzorove-stavby/detail/34-nase-pracebd57.html]
[vmdstavby.cz/images/phocagallery/stavby/thumbs/phoca_thumb_m_stavby_15.jpg]
[vmdstavby.cz/index.php/galerie/1-vzorove-stavby/detail/34-nase-pracec903.jpg]
[vmdstavby.cz/index.php/galerie/1-vzorove-stavby/detail/35-nase-pracebd57.html]
[vmdstavby.cz/images/phocagallery/stavby/thumbs/phoca_thumb_m_stavby_16.jpg]
[vmdstavby.cz/index.php/galerie/1-vzorove-stavby/detail/35-nase-pracec903.jpg]
[vmdstavby.cz/index.php/galerie/1-vzorove-stavby/detail/36-nase-pracebd57.html]
[vmdstavby.cz/images/phocagallery/stavby/thumbs/phoca_thumb_m_stavby_17.jpg]
[vmdstavby.cz/index.php/galerie/1-vzorove-stavby/detail/36-nase-pracec903.jpg]
[vmdstavby.cz/index.php/galerie/1-vzorove-stavby/detail/37-nase-pracec903.jpg]
[vmdstavby.cz/index.php/galerie/1-vzorove-stavby/detail/38-nase-pracebd57.html]
[vmdstavby.cz/images/phocagallery/stavby/thumbs/phoca_thumb_m_stavby_19.jpg]
[vmdstavby.cz/index.php/galerie/1-vzorove-stavby/detail/38-nase-pracec903.jpg]
[vmdstavby.cz/images/phocagallery/stavby/thumbs/phoca_thumb_m_stavby_20.jpg]
[vmdstavby.cz/index.php/galerie/1-vzorove-stavby/detail/39-nase-pracec903.jpg]
[vmdstavby.cz/index.php/galeriec61e.html]
[vmdstavby.cz/index.php/galerie4c62.html]
[vmdstavby.cz/index.php/galerie.html]
[vmdstavby.cz/index.php/dotazy.html]
[vmdstavby.cz/media/contacts/images/con_tel.png]
[vmdstavby.cz/media/system/js/validate.js]
[vmdstavby.cz/images/mapa.PNG]
[vmdstavby.cz/index.php/kontakt.html]
[vmdstavby.cz/templates/jp_lofthouse/images/dot2.gif]
[vmdstavby.cz/templates/jp_lofthouse/images/dot2.gif]
[vmdstavby.cz/templates/jp_lofthouse/images/menu_divider.gif]
[vmdstavby.cz/templates/jp_lofthouse/images/menu_divider.gif]
[vmdstavby.cz/templates/jp_lofthouse/fonts/fonts.css]
[vmdstavby.cz/templates/jp_lofthouse/fonts/PTS75F-webfont.eot]
[vmdstavby.cz/templates/jp_lofthouse/fonts/PTS75F-webfont.ttf]
[vmdstavby.cz/templates/jp_lofthouse/fonts/PTS56F-webfontd41d.eot]
[vmdstavby.cz/templates/jp_lofthouse/fonts/PTS56F-webfont.woff]
[vmdstavby.cz/templates/jp_lofthouse/fonts/PTS56F-webfont.ttf]
[vmdstavby.cz/templates/jp_lofthouse/fonts/PTS55F-webfontd41d.eot]
[vmdstavby.cz/templates/jp_lofthouse/fonts/PTS55F-webfont.woff]
[vmdstavby.cz/templates/jp_lofthouse/fonts/PTS55F-webfont.ttf]
[vmdstavby.cz/templates/jp_lofthouse/fonts/fonts.css]
[vmdstavby.cz/images/typove_stavby/Bungalov_60.jpg]
[vmdstavby.cz/images/typove_projekty/Bungalov_60P.jpg]
[vmdstavby.cz/index.php/using-joomla/extensions/components/content-component/article-categories/77-bungalov-60-2-kk.html]
[vmdstavby.cz/images/typove_projekty/Bungalov_98a.jpg]
[vmdstavby.cz/index.php/using-joomla/extensions/components/content-component/article-categories/103-bungalov-98-4-kk.html]
[vmdstavby.cz/images/typove_stavby_p/bungalov_115.jpg]
[vmdstavby.cz/index.php/using-joomla/extensions/components/content-component/article-categories/83-bungalov-115-4-kk.html]
[vmdstavby.cz/images/typove_stavby_p/klasik_83p_2.jpg]
[vmdstavby.cz/index.php/using-joomla/extensions/components/content-component/article-categories/91-klasik-83-5-kk.html]
[vmdstavby.cz/images/typove_stavby/Bungalov_141.jpg]
[vmdstavby.cz/index.php/using-joomla/extensions/components/content-component/article-categories/84-bungalov-141-4-kk.html]
[vmdstavby.cz/images/typove_stavby_p/bungalov_150p.jpg]
[vmdstavby.cz/index.php/using-joomla/extensions/components/content-component/article-categories/105-bungalov-150-3-kk-1.html]
[vmdstavby.cz/index.php/using-joomla/extensions/components/content-component/article-categories/87-bungalov-275-4-kk-2garaz.html]
[vmdstavby.cz/images/typove_stavby/KLASIK_150.jpg]
[vmdstavby.cz/images/typove_stavby_p/klasik_150.jpg]
[vmdstavby.cz/index.php/using-joomla/extensions/components/content-component/article-categories/97-klasik-150-6-kk.html]
[vmdstavby.cz/images/typove_stavby/Bungalov_148.jpg]
[vmdstavby.cz/index.php/using-joomla/extensions/components/content-component/article-categories/85-bungalov-148-4-kk.html]
[vmdstavby.cz/images/typove_stavby/KLASIK_56_4_kk_p.jpg]
[vmdstavby.cz/index.php/using-joomla/extensions/components/content-component/article-categories/102-klasik-56-4-kk.html]
[vmdstavby.cz/images/typove_stavby_p/klasik_125.jpg]
[vmdstavby.cz/index.php/using-joomla/extensions/components/content-component/article-categories/93-klasik-125-4-kk.html]
[vmdstavby.cz/images/typove_stavby/KLASIK_138a.jpg]
[vmdstavby.cz/index.php/using-joomla/extensions/components/content-component/article-categories/104-klasik-138-6-kk.html]
[vmdstavby.cz/media/system/images/modal/closebox.png]
[vmdstavby.cz/media/system/images/modal/spinner.gif]
[vmdstavby.cz/media/system/images/modal/bg_n.png]
[vmdstavby.cz/media/system/images/modal/bg_ne.png]
[vmdstavby.cz/media/system/images/modal/bg_e.png]
[vmdstavby.cz/media/system/images/modal/bg_se.png]
[vmdstavby.cz/media/system/images/modal/bg_s.png]
[vmdstavby.cz/media/system/images/modal/bg_sw.png]
[vmdstavby.cz/media/system/images/modal/bg_w.png]
[vmdstavby.cz/media/system/images/modal/bg_nw.png]
[vmdstavby.cz/media/system/css/modal.css]
[vmdstavby.cz/templates/system/css/template.111.delayed]
[vmdstavby.cz/images/phocagallery/stavby/thumbs/phoca_thumb_l_stavby_01.jpg]
[vmdstavby.cz/components/com_phocagallery/assets/images/icon-prev-grey.png]
[vmdstavby.cz/components/com_phocagallery/assets/images/icon-stop-grey.png]
[vmdstavby.cz/index.php/galerie/1-vzorove-stavby/detail/20-nase-prace4db3.html]
[vmdstavby.cz/components/com_phocagallery/assets/images/icon-play.png]
[vmdstavby.cz/components/com_phocagallery/assets/images/icon-reload.png]
[vmdstavby.cz/components/com_phocagallery/assets/images/icon-exit.png]
[vmdstavby.cz/index.php/galerie/1-vzorove-stavby/detail/20-nase-pracebd57.html]
[vmdstavby.cz/components/com_phocagallery/assets/images/icon-next.png]
[vmdstavby.cz/images/phocagallery/stavby/thumbs/phoca_thumb_l_stavby_02.jpg]
[vmdstavby.cz/components/com_phocagallery/assets/jquery/jquery-1.6.4.min.js]
[vmdstavby.cz/index.php/galerie/1-vzorove-stavby/detail/21-nase-pracebd57.html]
[vmdstavby.cz/images/phocagallery/stavby/thumbs/phoca_thumb_l_stavby_05.jpg]
[vmdstavby.cz/index.php/galerie/1-vzorove-stavby/detail/24-nase-prace4db3.html]
[vmdstavby.cz/index.php/galerie/1-vzorove-stavby/detail/24-nase-pracebd57.html]
[vmdstavby.cz/images/phocagallery/stavby/thumbs/phoca_thumb_l_stavby_06.jpg]
[vmdstavby.cz/index.php/galerie/1-vzorove-stavby/detail/25-nase-pracebd57.html]
[vmdstavby.cz/images/phocagallery/stavby/thumbs/phoca_thumb_l_stavby_07.jpg]
[vmdstavby.cz/index.php/galerie/1-vzorove-stavby/detail/26-nase-pracebd57.html]
[vmdstavby.cz/images/phocagallery/stavby/thumbs/phoca_thumb_l_stavby_10.jpg]
[vmdstavby.cz/index.php/galerie/1-vzorove-stavby/detail/29-nase-pracebd57.html]
[vmdstavby.cz/images/phocagallery/stavby/thumbs/phoca_thumb_l_stavby_12.jpg]
[vmdstavby.cz/index.php/galerie/1-vzorove-stavby/detail/31-nase-pracebd57.html]
[vmdstavby.cz/images/phocagallery/stavby/thumbs/phoca_thumb_l_stavby_13.jpg]
[vmdstavby.cz/index.php/galerie/1-vzorove-stavby/detail/32-nase-pracebd57.html]
[vmdstavby.cz/images/phocagallery/stavby/thumbs/phoca_thumb_l_stavby_15.jpg]
[vmdstavby.cz/index.php/galerie/1-vzorove-stavby/detail/34-nase-pracebd57.html]
[vmdstavby.cz/images/phocagallery/stavby/thumbs/phoca_thumb_l_stavby_16.jpg]
[vmdstavby.cz/index.php/galerie/1-vzorove-stavby/detail/35-nase-pracebd57.html]
[vmdstavby.cz/images/phocagallery/stavby/thumbs/phoca_thumb_l_stavby_17.jpg]
[vmdstavby.cz/index.php/galerie/1-vzorove-stavby/detail/36-nase-pracebd57.html]
[vmdstavby.cz/images/phocagallery/stavby/thumbs/phoca_thumb_l_stavby_19.jpg]
[vmdstavby.cz/index.php/galerie/1-vzorove-stavby/detail/38-nase-pracebd57.html]
[vmdstavby.cz/index.php/galerie/1-vzorove-stavby/detail/80-nase-pracebd57.html]
[vmdstavby.cz/images/phocagallery/stavby/thumbs/phoca_thumb_m_stavby_61.jpg]
[vmdstavby.cz/index.php/galerie/1-vzorove-stavby/detail/81-nase-pracebd57.html]
[vmdstavby.cz/images/phocagallery/stavby/thumbs/phoca_thumb_m_stavby_62.jpg]
[vmdstavby.cz/index.php/galerie/1-vzorove-stavby/detail/81-nase-pracec903.jpg]
[vmdstavby.cz/index.php/galerie/1-vzorove-stavby/detail/82-nase-pracebd57.html]
[vmdstavby.cz/images/phocagallery/stavby/thumbs/phoca_thumb_m_stavby_63.jpg]
[vmdstavby.cz/index.php/galerie/1-vzorove-stavby/detail/82-nase-pracec903.jpg]
[vmdstavby.cz/images/phocagallery/stavby/thumbs/phoca_thumb_m_stavby_64.jpg]
[vmdstavby.cz/index.php/galerie/1-vzorove-stavby/detail/83-nase-pracec903.jpg]
[vmdstavby.cz/images/phocagallery/stavby/thumbs/phoca_thumb_m_stavby_65.jpg]
[vmdstavby.cz/index.php/galerie/1-vzorove-stavby/detail/84-nase-pracec903.jpg]
[vmdstavby.cz/index.php/galerie/1-vzorove-stavby/detail/85-nase-pracebd57.html]
[vmdstavby.cz/images/phocagallery/stavby/thumbs/phoca_thumb_m_stavby_66.jpg]
[vmdstavby.cz/index.php/galerie/1-vzorove-stavby/detail/85-nase-pracec903.jpg]
[vmdstavby.cz/index.php/galerie/1-vzorove-stavby/detail/86-nase-pracebd57.html]
[vmdstavby.cz/images/phocagallery/stavby/thumbs/phoca_thumb_m_stavby_67.jpg]
[vmdstavby.cz/index.php/galerie/1-vzorove-stavby/detail/86-nase-pracec903.jpg]
[vmdstavby.cz/index.php/galerie/1-vzorove-stavby/detail/87-nase-pracebd57.html]
[vmdstavby.cz/images/phocagallery/stavby/thumbs/phoca_thumb_m_stavby_68.jpg]
[vmdstavby.cz/index.php/galerie/1-vzorove-stavby/detail/87-nase-pracec903.jpg]
[vmdstavby.cz/index.php/galerie/1-vzorove-stavby/detail/88-nase-pracebd57.html]
[vmdstavby.cz/images/phocagallery/stavby/thumbs/phoca_thumb_m_stavby_69.jpg]
[vmdstavby.cz/index.php/galerie/1-vzorove-stavby/detail/88-nase-pracec903.jpg]
[vmdstavby.cz/index.php/galerie/1-vzorove-stavby/detail/89-nase-pracebd57.html]
[vmdstavby.cz/images/phocagallery/stavby/thumbs/phoca_thumb_m_stavby_70.jpg]
[vmdstavby.cz/index.php/galerie/1-vzorove-stavby/detail/89-nase-pracec903.jpg]
[vmdstavby.cz/index.php/galerie/1-vzorove-stavby/detail/90-nase-pracebd57.html]
[vmdstavby.cz/images/phocagallery/stavby/thumbs/phoca_thumb_m_stavby_71.jpg]
[vmdstavby.cz/index.php/galerie/1-vzorove-stavby/detail/90-nase-pracec903.jpg]
[vmdstavby.cz/index.php/galerie/1-vzorove-stavby/detail/91-nase-pracebd57.html]
[vmdstavby.cz/images/phocagallery/stavby/thumbs/phoca_thumb_m_stavby_72.jpg]
[vmdstavby.cz/index.php/galerie/1-vzorove-stavby/detail/91-nase-pracec903.jpg]
[vmdstavby.cz/index.php/galerie/1-vzorove-stavby/detail/92-nase-pracebd57.html]
[vmdstavby.cz/images/phocagallery/stavby/thumbs/phoca_thumb_m_stavby_73.jpg]
[vmdstavby.cz/index.php/galerie/1-vzorove-stavby/detail/92-nase-pracec903.jpg]
[vmdstavby.cz/index.php/galerie/1-vzorove-stavby/detail/93-nase-pracebd57.html]
[vmdstavby.cz/images/phocagallery/stavby/thumbs/phoca_thumb_m_stavby_74.jpg]
[vmdstavby.cz/index.php/galerie/1-vzorove-stavby/detail/93-nase-pracec903.jpg]
[vmdstavby.cz/index.php/galerie/1-vzorove-stavby/detail/94-nase-pracebd57.html]
[vmdstavby.cz/images/phocagallery/stavby/thumbs/phoca_thumb_m_stavby_75.jpg]
[vmdstavby.cz/index.php/galerie/1-vzorove-stavby/detail/94-nase-pracec903.jpg]
[vmdstavby.cz/index.php/galerie/1-vzorove-stavby/detail/95-nase-pracebd57.html]
[vmdstavby.cz/images/phocagallery/stavby/thumbs/phoca_thumb_m_stavby_76.jpg]
[vmdstavby.cz/index.php/galerie/1-vzorove-stavby/detail/95-nase-pracec903.jpg]
[vmdstavby.cz/index.php/galerie/1-vzorove-stavby/detail/96-nase-pracebd57.html]
[vmdstavby.cz/images/phocagallery/stavby/thumbs/phoca_thumb_m_stavby_77.jpg]
[vmdstavby.cz/index.php/galerie/1-vzorove-stavby/detail/96-nase-pracec903.jpg]
[vmdstavby.cz/index.php/galerie/1-vzorove-stavby/detail/97-nase-pracebd57.html]
[vmdstavby.cz/images/phocagallery/stavby/thumbs/phoca_thumb_m_stavby_78.jpg]
[vmdstavby.cz/index.php/galerie/1-vzorove-stavby/detail/97-nase-pracec903.jpg]
[vmdstavby.cz/index.php/galerie/1-vzorove-stavby/detail/98-nase-pracebd57.html]
[vmdstavby.cz/images/phocagallery/stavby/thumbs/phoca_thumb_m_stavby_79.jpg]
[vmdstavby.cz/index.php/galerie/1-vzorove-stavby/detail/98-nase-pracec903.jpg]
[vmdstavby.cz/images/phocagallery/stavby/thumbs/phoca_thumb_m_stavby_80.jpg]
[vmdstavby.cz/index.php/galerie/1-vzorove-stavby/detail/99-nase-pracec903.jpg]
[vmdstavby.cz/index.php/galeriec61e.html]
[vmdstavby.cz/index.php/galerie/1-vzorove-stavby/detail/100-nase-pracebd57.html]
[vmdstavby.cz/images/phocagallery/stavby/thumbs/phoca_thumb_m_stavby_81.jpg]
[vmdstavby.cz/index.php/galerie/1-vzorove-stavby/detail/100-nase-pracec903.jpg]
[vmdstavby.cz/index.php/galerie/1-vzorove-stavby/detail/101-nase-pracebd57.html]
[vmdstavby.cz/images/phocagallery/stavby/thumbs/phoca_thumb_m_stavby_82.jpg]
[vmdstavby.cz/index.php/galerie/1-vzorove-stavby/detail/101-nase-pracec903.jpg]
[vmdstavby.cz/images/phocagallery/stavby/thumbs/phoca_thumb_m_stavby_83.jpg]
[vmdstavby.cz/index.php/galerie/1-vzorove-stavby/detail/102-nase-pracec903.jpg]
[vmdstavby.cz/index.php/galerie/1-vzorove-stavby/detail/103-nase-pracebd57.html]
[vmdstavby.cz/images/phocagallery/stavby/thumbs/phoca_thumb_m_stavby_84.jpg]
[vmdstavby.cz/index.php/galerie/1-vzorove-stavby/detail/103-nase-pracec903.jpg]
[vmdstavby.cz/index.php/galerie/1-vzorove-stavby/detail/104-nase-pracebd57.html]
[vmdstavby.cz/images/phocagallery/stavby/thumbs/phoca_thumb_m_stavby_85.jpg]
[vmdstavby.cz/index.php/galerie/1-vzorove-stavby/detail/104-nase-pracec903.jpg]
[vmdstavby.cz/index.php/galerie/1-vzorove-stavby/detail/105-nase-pracebd57.html]
[vmdstavby.cz/images/phocagallery/stavby/thumbs/phoca_thumb_m_stavby_86.jpg]
[vmdstavby.cz/index.php/galerie/1-vzorove-stavby/detail/105-nase-pracec903.jpg]
[vmdstavby.cz/index.php/galerie/1-vzorove-stavby/detail/106-nase-pracebd57.html]
[vmdstavby.cz/images/phocagallery/stavby/thumbs/phoca_thumb_m_stavby_87.jpg]
[vmdstavby.cz/index.php/galerie/1-vzorove-stavby/detail/106-nase-pracec903.jpg]
[vmdstavby.cz/index.php/galerie/1-vzorove-stavby/detail/107-nase-pracebd57.html]
[vmdstavby.cz/images/phocagallery/stavby/thumbs/phoca_thumb_m_stavby_88.jpg]
[vmdstavby.cz/index.php/galerie/1-vzorove-stavby/detail/107-nase-pracec903.jpg]
[vmdstavby.cz/index.php/galerie/1-vzorove-stavby/detail/108-nase-pracebd57.html]
[vmdstavby.cz/images/phocagallery/stavby/thumbs/phoca_thumb_m_stavby_89.jpg]
[vmdstavby.cz/index.php/galerie/1-vzorove-stavby/detail/108-nase-pracec903.jpg]
[vmdstavby.cz/index.php/galerie4c62.html]
[vmdstavby.cz/templates/jp_lofthouse/images/loading.gif]
[vmdstavby.cz/templates/jp_lofthouse/fonts/PTS75F-webfontd41d.eot]
[vmdstavby.cz/templates/jp_lofthouse/fonts/PTS75F-webfont.svg]
[vmdstavby.cz/templates/jp_lofthouse/fonts/PTS56F-webfont.svg]
[vmdstavby.cz/templates/jp_lofthouse/fonts/PTS55F-webfont.svg]
[vmdstavby.cz/images/smooth_gallery/hlavni_01.jpg]
[vmdstavby.cz/index.php/using-joomla/extensions/components/content-component/article-categories/86-bungalov-179-2-4-kk-garazhtml.html]
[vmdstavby.cz/images/typove_stavby/Bungalov_179.jpg]
[vmdstavby.cz/index.php/using-joomla/extensions/components/content-component/article-categories/86-bungalov-179-2-4-kk-garazhtml.html]
[vmdstavby.cz/index.php/using-joomla/extensions/components/content-component/article-categories/89-klasik-71-4-kkhtml.html]
[vmdstavby.cz/images/typove_stavby/KLASIK_71.jpg]
[vmdstavby.cz/images/typove_stavby_p/klasik_71p.jpg]
[vmdstavby.cz/index.php/using-joomla/extensions/components/content-component/article-categories/89-klasik-71-4-kkhtml.html]
[vmdstavby.cz/index.php/using-joomla/extensions/components/content-component/article-categories/94-klasik-143-5-kkhtml.html]
[vmdstavby.cz/images/typove_stavby_p/klasik_143.jpg]
[vmdstavby.cz/index.php/using-joomla/extensions/components/content-component/article-categories/94-klasik-143-5-kkhtml.html]
[vmdstavby.cz/index.php/using-joomla/extensions/components/content-component/article-categories/106-klasik-147-5-kk-dvougarazhtml.html]
[vmdstavby.cz/images/typove_stavby_p/klasik_147.jpg]
[vmdstavby.cz/index.php/using-joomla/extensions/components/content-component/article-categories/106-klasik-147-5-kk-dvougarazhtml.html]
[vmdstavby.cz/index.php/using-joomla/extensions/components/content-component/article-categories/99-klasik-218-7-kkhtml.html]
[vmdstavby.cz/images/typove_stavby_p/klasik_218s.jpg]
[vmdstavby.cz/images/typove_stavby_p/klasik_218p.jpg]
[vmdstavby.cz/index.php/using-joomla/extensions/components/content-component/article-categories/99-klasik-218-7-kkhtml.html]
[vmdstavby.cz/index.php/using-joomla/extensions/components/content-component/article-categories/82-bungalov-106-4-kk-pracovnahtml.html]
[vmdstavby.cz/images/typove_stavby/Bungalov_106.jpg]
[vmdstavby.cz/images/typove_stavby_p/bungalov_106.jpg]
[vmdstavby.cz/index.php/using-joomla/extensions/components/content-component/article-categories/82-bungalov-106-4-kk-pracovnahtml.html]
[vmdstavby.cz/index.php/using-joomla/extensions/components/content-component/article-categories/96-klasik-120-6-2kkhtml.html]
[vmdstavby.cz/images/typove_stavby_p/klasik_120.jpg]
[vmdstavby.cz/index.php/using-joomla/extensions/components/content-component/article-categories/96-klasik-120-6-2kkhtml.html]
[vmdstavby.cz/index.php/using-joomla/extensions/components/content-component/article-categories/92-klasik-136-6-kkhtml.html]
[vmdstavby.cz/images/typove_stavby_p/klasik_136.jpg]
[vmdstavby.cz/images/typove_stavby_p/klasik_136p.jpg]
[vmdstavby.cz/index.php/using-joomla/extensions/components/content-component/article-categories/92-klasik-136-6-kkhtml.html]
[vmdstavby.cz/images/typove_projekty/Bungalov_87.jpg]
[vmdstavby.cz/index.php/using-joomla/extensions/components/content-component/article-categories/88-klasik-84-2-kk-moznost-rozsirit-na-4-kkhtml.html]
[vmdstavby.cz/images/typove_stavby/KLASIK_84.jpg]
[vmdstavby.cz/images/typove_stavby_p/klasik_84.jpg]
[vmdstavby.cz/images/typove_stavby_p/klasik_84p.jpg]
[vmdstavby.cz/index.php/using-joomla/extensions/components/content-component/article-categories/88-klasik-84-2-kk-moznost-rozsirit-na-4-kkhtml.html]
[vmdstavby.cz/index.php/using-joomla/extensions/components/content-component/article-categories/98-klasik-189-6-kkhtml.html]
[vmdstavby.cz/images/typove_stavby/KLASIK_189.jpg]
[vmdstavby.cz/images/typove_stavby_p/klasik_189p.jpg]
[vmdstavby.cz/index.php/using-joomla/extensions/components/content-component/article-categories/98-klasik-189-6-kkhtml.html]
[vmdstavby.cz/index.php/galerie/1-vzorove-stavby/detail/20-nase-prace3c6f.html]
[vmdstavby.cz/components/com_phocagallery/assets/images/icon-stop.png]
[vmdstavby.cz/components/com_phocagallery/assets/images/icon-play-grey.png]
[vmdstavby.cz/index.php/galerie/1-vzorove-stavby/detail/20-nase-prace4db3.html]
[vmdstavby.cz/components/com_phocagallery/assets/images/icon-view.png]
[vmdstavby.cz/index.php/galerie/1-vzorove-stavby/detail/22-nase-pracebd57html.html]
[vmdstavby.cz/images/phocagallery/stavby/thumbs/phoca_thumb_l_stavby_03.jpg]
[vmdstavby.cz/index.php/galerie/1-vzorove-stavby/detail/22-nase-pracebd57html.html]
[vmdstavby.cz/index.php/galerie/1-vzorove-stavby/detail/23-nase-pracebd57html.html]
[vmdstavby.cz/images/phocagallery/stavby/thumbs/phoca_thumb_l_stavby_04.jpg]
[vmdstavby.cz/index.php/galerie/1-vzorove-stavby/detail/23-nase-pracebd57html.html]
[vmdstavby.cz/index.php/galerie/1-vzorove-stavby/detail/24-nase-prace3c6f.html]
[vmdstavby.cz/index.php/galerie/1-vzorove-stavby/detail/24-nase-prace4db3.html]
[vmdstavby.cz/index.php/galerie/1-vzorove-stavby/detail/27-nase-pracebd57html.html]
[vmdstavby.cz/images/phocagallery/stavby/thumbs/phoca_thumb_l_stavby_08.jpg]
[vmdstavby.cz/index.php/galerie/1-vzorove-stavby/detail/27-nase-pracebd57html.html]
[vmdstavby.cz/index.php/galerie/1-vzorove-stavby/detail/28-nase-pracebd57html.html]
[vmdstavby.cz/images/phocagallery/stavby/thumbs/phoca_thumb_l_stavby_09.jpg]
[vmdstavby.cz/index.php/galerie/1-vzorove-stavby/detail/28-nase-pracebd57html.html]
[vmdstavby.cz/index.php/galerie/1-vzorove-stavby/detail/30-nase-pracebd57html.html]
[vmdstavby.cz/images/phocagallery/stavby/thumbs/phoca_thumb_l_stavby_11.jpg]
[vmdstavby.cz/index.php/galerie/1-vzorove-stavby/detail/30-nase-prace4db3.html]
[vmdstavby.cz/index.php/galerie/1-vzorove-stavby/detail/30-nase-pracebd57html.html]
[vmdstavby.cz/index.php/galerie/1-vzorove-stavby/detail/33-nase-pracebd57html.html]
[vmdstavby.cz/images/phocagallery/stavby/thumbs/phoca_thumb_l_stavby_14.jpg]
[vmdstavby.cz/index.php/galerie/1-vzorove-stavby/detail/33-nase-pracebd57html.html]
[vmdstavby.cz/index.php/galerie/1-vzorove-stavby/detail/37-nase-pracebd57html.html]
[vmdstavby.cz/images/phocagallery/stavby/thumbs/phoca_thumb_l_stavby_18.jpg]
[vmdstavby.cz/index.php/galerie/1-vzorove-stavby/detail/37-nase-pracebd57html.html]
[vmdstavby.cz/images/phocagallery/stavby/thumbs/phoca_thumb_m_stavby_18.jpg]
[vmdstavby.cz/index.php/galerie/1-vzorove-stavby/detail/39-nase-pracebd57html.html]
[vmdstavby.cz/images/phocagallery/stavby/thumbs/phoca_thumb_l_stavby_20.jpg]
[vmdstavby.cz/index.php/galerie/1-vzorove-stavby/detail/40-nase-pracebd57.html]
[vmdstavby.cz/index.php/galerie/1-vzorove-stavby/detail/39-nase-pracebd57html.html]
[vmdstavby.cz/index.php/galerie5a94html.html]
[vmdstavby.cz/images/phocagallery/stavby/thumbs/phoca_thumb_m_stavby_21.jpg]
[vmdstavby.cz/index.php/galerie/1-vzorove-stavby/detail/41-nase-pracebd57.html]
[vmdstavby.cz/images/phocagallery/stavby/thumbs/phoca_thumb_m_stavby_22.jpg]
[vmdstavby.cz/index.php/galerie/1-vzorove-stavby/detail/41-nase-pracec903.jpg]
[vmdstavby.cz/index.php/galerie/1-vzorove-stavby/detail/42-nase-pracebd57.html]
[vmdstavby.cz/images/phocagallery/stavby/thumbs/phoca_thumb_m_stavby_23.jpg]
[vmdstavby.cz/index.php/galerie/1-vzorove-stavby/detail/43-nase-pracebd57.html]
[vmdstavby.cz/images/phocagallery/stavby/thumbs/phoca_thumb_m_stavby_24.jpg]
[vmdstavby.cz/index.php/galerie/1-vzorove-stavby/detail/43-nase-pracec903.jpg]
[vmdstavby.cz/index.php/galerie/1-vzorove-stavby/detail/44-nase-pracebd57.html]
[vmdstavby.cz/images/phocagallery/stavby/thumbs/phoca_thumb_m_stavby_25.jpg]
[vmdstavby.cz/index.php/galerie/1-vzorove-stavby/detail/44-nase-pracec903.jpg]
[vmdstavby.cz/index.php/galerie/1-vzorove-stavby/detail/45-nase-pracebd57.html]
[vmdstavby.cz/images/phocagallery/stavby/thumbs/phoca_thumb_m_stavby_26.jpg]
[vmdstavby.cz/index.php/galerie/1-vzorove-stavby/detail/45-nase-pracec903.jpg]
[vmdstavby.cz/index.php/galerie/1-vzorove-stavby/detail/46-nase-pracebd57.html]
[vmdstavby.cz/images/phocagallery/stavby/thumbs/phoca_thumb_m_stavby_27.jpg]
[vmdstavby.cz/index.php/galerie/1-vzorove-stavby/detail/46-nase-pracec903.jpg]
[vmdstavby.cz/index.php/galerie/1-vzorove-stavby/detail/47-nase-pracebd57.html]
[vmdstavby.cz/images/phocagallery/stavby/thumbs/phoca_thumb_m_stavby_28.jpg]
[vmdstavby.cz/index.php/galerie/1-vzorove-stavby/detail/47-nase-pracec903.jpg]
[vmdstavby.cz/index.php/galerie/1-vzorove-stavby/detail/48-nase-pracebd57.html]
[vmdstavby.cz/images/phocagallery/stavby/thumbs/phoca_thumb_m_stavby_29.jpg]
[vmdstavby.cz/index.php/galerie/1-vzorove-stavby/detail/48-nase-pracec903.jpg]
[vmdstavby.cz/index.php/galerie/1-vzorove-stavby/detail/49-nase-pracebd57.html]
[vmdstavby.cz/images/phocagallery/stavby/thumbs/phoca_thumb_m_stavby_30.jpg]
[vmdstavby.cz/index.php/galerie/1-vzorove-stavby/detail/49-nase-pracec903.jpg]
[vmdstavby.cz/index.php/galerie/1-vzorove-stavby/detail/50-nase-pracebd57.html]
[vmdstavby.cz/images/phocagallery/stavby/thumbs/phoca_thumb_m_stavby_31.jpg]
[vmdstavby.cz/index.php/galerie/1-vzorove-stavby/detail/50-nase-pracec903.jpg]
[vmdstavby.cz/images/phocagallery/stavby/thumbs/phoca_thumb_m_stavby_32.jpg]
[vmdstavby.cz/index.php/galerie/1-vzorove-stavby/detail/51-nase-pracec903.jpg]
[vmdstavby.cz/index.php/galerie/1-vzorove-stavby/detail/52-nase-pracebd57.html]
[vmdstavby.cz/images/phocagallery/stavby/thumbs/phoca_thumb_m_stavby_33.jpg]
[vmdstavby.cz/index.php/galerie/1-vzorove-stavby/detail/52-nase-pracec903.jpg]
[vmdstavby.cz/index.php/galerie/1-vzorove-stavby/detail/53-nase-pracebd57.html]
[vmdstavby.cz/images/phocagallery/stavby/thumbs/phoca_thumb_m_stavby_34.jpg]
[vmdstavby.cz/index.php/galerie/1-vzorove-stavby/detail/53-nase-pracec903.jpg]
[vmdstavby.cz/index.php/galerie/1-vzorove-stavby/detail/54-nase-pracebd57.html]
[vmdstavby.cz/images/phocagallery/stavby/thumbs/phoca_thumb_m_stavby_35.jpg]
[vmdstavby.cz/index.php/galerie/1-vzorove-stavby/detail/54-nase-pracec903.jpg]
[vmdstavby.cz/index.php/galerie/1-vzorove-stavby/detail/55-nase-pracebd57.html]
[vmdstavby.cz/images/phocagallery/stavby/thumbs/phoca_thumb_m_stavby_36.jpg]
[vmdstavby.cz/index.php/galerie/1-vzorove-stavby/detail/55-nase-pracec903.jpg]
[vmdstavby.cz/index.php/galerie/1-vzorove-stavby/detail/56-nase-pracebd57.html]
[vmdstavby.cz/images/phocagallery/stavby/thumbs/phoca_thumb_m_stavby_37.jpg]
[vmdstavby.cz/index.php/galerie/1-vzorove-stavby/detail/56-nase-pracec903.jpg]
[vmdstavby.cz/index.php/galerie/1-vzorove-stavby/detail/57-nase-pracebd57.html]
[vmdstavby.cz/images/phocagallery/stavby/thumbs/phoca_thumb_m_stavby_38.jpg]
[vmdstavby.cz/index.php/galerie/1-vzorove-stavby/detail/57-nase-pracec903.jpg]
[vmdstavby.cz/index.php/galerie/1-vzorove-stavby/detail/58-nase-pracebd57.html]
[vmdstavby.cz/images/phocagallery/stavby/thumbs/phoca_thumb_m_stavby_39.jpg]
[vmdstavby.cz/index.php/galerie/1-vzorove-stavby/detail/58-nase-pracec903.jpg]
[vmdstavby.cz/index.php/galerie/1-vzorove-stavby/detail/59-nase-pracebd57.html]
[vmdstavby.cz/images/phocagallery/stavby/thumbs/phoca_thumb_m_stavby_40.jpg]
[vmdstavby.cz/index.php/galerie/1-vzorove-stavby/detail/59-nase-pracec903.jpg]
[vmdstavby.cz/index.php/galerie5a94html.html]
[vmdstavby.cz/index.php/galerie4abdhtml.html]
[vmdstavby.cz/index.php/galerie/1-vzorove-stavby/detail/60-nase-pracebd57.html]
[vmdstavby.cz/images/phocagallery/stavby/thumbs/phoca_thumb_m_stavby_41.jpg]
[vmdstavby.cz/index.php/galerie/1-vzorove-stavby/detail/60-nase-pracec903.jpg]
[vmdstavby.cz/index.php/galerie/1-vzorove-stavby/detail/61-nase-pracebd57.html]
[vmdstavby.cz/images/phocagallery/stavby/thumbs/phoca_thumb_m_stavby_42.jpg]
[vmdstavby.cz/index.php/galerie/1-vzorove-stavby/detail/61-nase-pracec903.jpg]
[vmdstavby.cz/index.php/galerie/1-vzorove-stavby/detail/62-nase-pracebd57.html]
[vmdstavby.cz/images/phocagallery/stavby/thumbs/phoca_thumb_m_stavby_43.jpg]
[vmdstavby.cz/index.php/galerie/1-vzorove-stavby/detail/62-nase-pracec903.jpg]
[vmdstavby.cz/index.php/galerie/1-vzorove-stavby/detail/63-nase-pracebd57.html]
[vmdstavby.cz/images/phocagallery/stavby/thumbs/phoca_thumb_m_stavby_44.jpg]
[vmdstavby.cz/index.php/galerie/1-vzorove-stavby/detail/63-nase-pracec903.jpg]
[vmdstavby.cz/index.php/galerie/1-vzorove-stavby/detail/64-nase-pracebd57.html]
[vmdstavby.cz/images/phocagallery/stavby/thumbs/phoca_thumb_m_stavby_45.jpg]
[vmdstavby.cz/index.php/galerie/1-vzorove-stavby/detail/64-nase-pracec903.jpg]
[vmdstavby.cz/index.php/galerie/1-vzorove-stavby/detail/65-nase-pracebd57.html]
[vmdstavby.cz/images/phocagallery/stavby/thumbs/phoca_thumb_m_stavby_46.jpg]
[vmdstavby.cz/index.php/galerie/1-vzorove-stavby/detail/65-nase-pracec903.jpg]
[vmdstavby.cz/index.php/galerie/1-vzorove-stavby/detail/66-nase-pracebd57.html]
[vmdstavby.cz/images/phocagallery/stavby/thumbs/phoca_thumb_m_stavby_47.jpg]
[vmdstavby.cz/index.php/galerie/1-vzorove-stavby/detail/66-nase-pracec903.jpg]
[vmdstavby.cz/index.php/galerie/1-vzorove-stavby/detail/67-nase-pracebd57.html]
[vmdstavby.cz/images/phocagallery/stavby/thumbs/phoca_thumb_m_stavby_48.jpg]
[vmdstavby.cz/index.php/galerie/1-vzorove-stavby/detail/67-nase-pracec903.jpg]
[vmdstavby.cz/index.php/galerie/1-vzorove-stavby/detail/68-nase-pracebd57.html]
[vmdstavby.cz/images/phocagallery/stavby/thumbs/phoca_thumb_m_stavby_49.jpg]
[vmdstavby.cz/index.php/galerie/1-vzorove-stavby/detail/68-nase-pracec903.jpg]
[vmdstavby.cz/index.php/galerie/1-vzorove-stavby/detail/69-nase-pracebd57.html]
[vmdstavby.cz/images/phocagallery/stavby/thumbs/phoca_thumb_m_stavby_50.jpg]
[vmdstavby.cz/index.php/galerie/1-vzorove-stavby/detail/69-nase-pracec903.jpg]
[vmdstavby.cz/index.php/galerie/1-vzorove-stavby/detail/70-nase-pracebd57.html]
[vmdstavby.cz/images/phocagallery/stavby/thumbs/phoca_thumb_m_stavby_51.jpg]
[vmdstavby.cz/index.php/galerie/1-vzorove-stavby/detail/70-nase-pracec903.jpg]
[vmdstavby.cz/index.php/galerie/1-vzorove-stavby/detail/71-nase-pracebd57.html]
[vmdstavby.cz/images/phocagallery/stavby/thumbs/phoca_thumb_m_stavby_52.jpg]
[vmdstavby.cz/index.php/galerie/1-vzorove-stavby/detail/71-nase-pracec903.jpg]
[vmdstavby.cz/index.php/galerie/1-vzorove-stavby/detail/72-nase-pracebd57.html]
[vmdstavby.cz/images/phocagallery/stavby/thumbs/phoca_thumb_m_stavby_53.jpg]
[vmdstavby.cz/index.php/galerie/1-vzorove-stavby/detail/72-nase-pracec903.jpg]
[vmdstavby.cz/index.php/galerie/1-vzorove-stavby/detail/73-nase-pracebd57.html]
[vmdstavby.cz/images/phocagallery/stavby/thumbs/phoca_thumb_m_stavby_54.jpg]
[vmdstavby.cz/index.php/galerie/1-vzorove-stavby/detail/73-nase-pracec903.jpg]
[vmdstavby.cz/index.php/galerie/1-vzorove-stavby/detail/74-nase-pracebd57.html]
[vmdstavby.cz/images/phocagallery/stavby/thumbs/phoca_thumb_m_stavby_55.jpg]
[vmdstavby.cz/index.php/galerie/1-vzorove-stavby/detail/74-nase-pracec903.jpg]
[vmdstavby.cz/index.php/galerie/1-vzorove-stavby/detail/75-nase-pracebd57.html]
[vmdstavby.cz/images/phocagallery/stavby/thumbs/phoca_thumb_m_stavby_56.jpg]
[vmdstavby.cz/index.php/galerie/1-vzorove-stavby/detail/75-nase-pracec903.jpg]
[vmdstavby.cz/index.php/galerie/1-vzorove-stavby/detail/76-nase-pracebd57.html]
[vmdstavby.cz/images/phocagallery/stavby/thumbs/phoca_thumb_m_stavby_57.jpg]
[vmdstavby.cz/index.php/galerie/1-vzorove-stavby/detail/76-nase-pracec903.jpg]
[vmdstavby.cz/index.php/galerie/1-vzorove-stavby/detail/77-nase-pracebd57.html]
[vmdstavby.cz/images/phocagallery/stavby/thumbs/phoca_thumb_m_stavby_58.jpg]
[vmdstavby.cz/index.php/galerie/1-vzorove-stavby/detail/77-nase-pracec903.jpg]
[vmdstavby.cz/index.php/galerie/1-vzorove-stavby/detail/78-nase-pracebd57.html]
[vmdstavby.cz/images/phocagallery/stavby/thumbs/phoca_thumb_m_stavby_59.jpg]
[vmdstavby.cz/index.php/galerie/1-vzorove-stavby/detail/78-nase-pracec903.jpg]
[vmdstavby.cz/index.php/galerie/1-vzorove-stavby/detail/79-nase-pracebd57.html]
[vmdstavby.cz/images/phocagallery/stavby/thumbs/phoca_thumb_m_stavby_60.jpg]
[vmdstavby.cz/index.php/galerie/1-vzorove-stavby/detail/79-nase-pracec903.jpg]
[vmdstavby.cz/index.php/galerie4abdhtml.html]
[vmdstavby.cz/images/phocagallery/stavby/thumbs/phoca_thumb_l_stavby_61.jpg]
[vmdstavby.cz/index.php/galerie/1-vzorove-stavby/detail/80-nase-pracebd57.html]
[vmdstavby.cz/images/phocagallery/stavby/thumbs/phoca_thumb_l_stavby_62.jpg]
[vmdstavby.cz/index.php/galerie/1-vzorove-stavby/detail/81-nase-pracebd57.html]
[vmdstavby.cz/images/phocagallery/stavby/thumbs/phoca_thumb_l_stavby_63.jpg]
[vmdstavby.cz/index.php/galerie/1-vzorove-stavby/detail/82-nase-prace4db3.html]
[vmdstavby.cz/index.php/galerie/1-vzorove-stavby/detail/82-nase-pracebd57.html]
[vmdstavby.cz/images/phocagallery/stavby/thumbs/phoca_thumb_l_stavby_66.jpg]
[vmdstavby.cz/index.php/galerie/1-vzorove-stavby/detail/85-nase-pracebd57.html]
[vmdstavby.cz/images/phocagallery/stavby/thumbs/phoca_thumb_l_stavby_67.jpg]
[vmdstavby.cz/index.php/galerie/1-vzorove-stavby/detail/86-nase-pracebd57.html]
[vmdstavby.cz/images/phocagallery/stavby/thumbs/phoca_thumb_l_stavby_68.jpg]
[vmdstavby.cz/index.php/galerie/1-vzorove-stavby/detail/87-nase-pracebd57.html]
[vmdstavby.cz/images/phocagallery/stavby/thumbs/phoca_thumb_l_stavby_69.jpg]
[vmdstavby.cz/index.php/galerie/1-vzorove-stavby/detail/88-nase-pracebd57.html]
[vmdstavby.cz/images/phocagallery/stavby/thumbs/phoca_thumb_l_stavby_70.jpg]
[vmdstavby.cz/index.php/galerie/1-vzorove-stavby/detail/89-nase-pracebd57.html]
[vmdstavby.cz/images/phocagallery/stavby/thumbs/phoca_thumb_l_stavby_71.jpg]
[vmdstavby.cz/index.php/galerie/1-vzorove-stavby/detail/90-nase-pracebd57.html]
[vmdstavby.cz/images/phocagallery/stavby/thumbs/phoca_thumb_l_stavby_72.jpg]
[vmdstavby.cz/index.php/galerie/1-vzorove-stavby/detail/91-nase-pracebd57.html]
[vmdstavby.cz/images/phocagallery/stavby/thumbs/phoca_thumb_l_stavby_73.jpg]
[vmdstavby.cz/index.php/galerie/1-vzorove-stavby/detail/92-nase-pracebd57.html]
[vmdstavby.cz/images/phocagallery/stavby/thumbs/phoca_thumb_l_stavby_74.jpg]
[vmdstavby.cz/index.php/galerie/1-vzorove-stavby/detail/93-nase-pracebd57.html]
[vmdstavby.cz/images/phocagallery/stavby/thumbs/phoca_thumb_l_stavby_75.jpg]
[vmdstavby.cz/index.php/galerie/1-vzorove-stavby/detail/94-nase-pracebd57.html]
[vmdstavby.cz/images/phocagallery/stavby/thumbs/phoca_thumb_l_stavby_76.jpg]
[vmdstavby.cz/index.php/galerie/1-vzorove-stavby/detail/95-nase-prace4db3.html]
[vmdstavby.cz/index.php/galerie/1-vzorove-stavby/detail/95-nase-pracebd57.html]
[vmdstavby.cz/images/phocagallery/stavby/thumbs/phoca_thumb_l_stavby_77.jpg]
[vmdstavby.cz/index.php/galerie/1-vzorove-stavby/detail/96-nase-pracebd57.html]
[vmdstavby.cz/images/phocagallery/stavby/thumbs/phoca_thumb_l_stavby_78.jpg]
[vmdstavby.cz/index.php/galerie/1-vzorove-stavby/detail/97-nase-pracebd57.html]
[vmdstavby.cz/images/phocagallery/stavby/thumbs/phoca_thumb_l_stavby_79.jpg]
[vmdstavby.cz/index.php/galerie/1-vzorove-stavby/detail/98-nase-pracebd57.html]
[vmdstavby.cz/images/phocagallery/stavby/thumbs/phoca_thumb_l_stavby_81.jpg]
[vmdstavby.cz/index.php/galerie/1-vzorove-stavby/detail/100-nase-prace4db3.html]
[vmdstavby.cz/index.php/galerie/1-vzorove-stavby/detail/100-nase-pracebd57.html]
[vmdstavby.cz/images/phocagallery/stavby/thumbs/phoca_thumb_l_stavby_82.jpg]
[vmdstavby.cz/index.php/galerie/1-vzorove-stavby/detail/101-nase-pracebd57.html]
[vmdstavby.cz/index.php/galerie/1-vzorove-stavby/detail/103-nase-prace4db3.html]
[vmdstavby.cz/index.php/galerie/1-vzorove-stavby/detail/103-nase-pracebd57.html]
[vmdstavby.cz/images/phocagallery/stavby/thumbs/phoca_thumb_l_stavby_85.jpg]
[vmdstavby.cz/index.php/galerie/1-vzorove-stavby/detail/104-nase-prace4db3.html]
[vmdstavby.cz/index.php/galerie/1-vzorove-stavby/detail/104-nase-pracebd57.html]
[vmdstavby.cz/images/phocagallery/stavby/thumbs/phoca_thumb_l_stavby_86.jpg]
[vmdstavby.cz/index.php/galerie/1-vzorove-stavby/detail/105-nase-pracebd57.html]
[vmdstavby.cz/images/phocagallery/stavby/thumbs/phoca_thumb_l_stavby_87.jpg]
[vmdstavby.cz/index.php/galerie/1-vzorove-stavby/detail/106-nase-pracebd57.html]
[vmdstavby.cz/images/phocagallery/stavby/thumbs/phoca_thumb_l_stavby_88.jpg]
[vmdstavby.cz/index.php/galerie/1-vzorove-stavby/detail/107-nase-pracebd57.html]
[vmdstavby.cz/images/phocagallery/stavby/thumbs/phoca_thumb_l_stavby_89.jpg]
[vmdstavby.cz/index.php/galerie/1-vzorove-stavby/detail/108-nase-pracebd57.html]
[vmdstavby.cz/templates/jp_lofthouse/fonts/PTS75F-webfont.eot]
[vmdstavby.cz/templates/jp_lofthouse/fonts/PTS55F-webfont.eot]
[vmdstavby.cz/images/typove_stavby/Bungalov_115.jpg]
[vmdstavby.cz/index.php/using-joomla/extensions/components/content-component/article-categories/95-klasik-127-6-kkhtml.html]
[vmdstavby.cz/images/typove_stavby/KLASIK_127.jpg]
[vmdstavby.cz/images/typove_stavby_p/klasik_127.jpg]
[vmdstavby.cz/images/typove_stavby_p/klasik_127p.jpg]
[vmdstavby.cz/index.php/using-joomla/extensions/components/content-component/article-categories/95-klasik-127-6-kkhtml.html]
[vmdstavby.cz/images/typove_stavby_p/bungalov_141.jpg]
[vmdstavby.cz/index.php/using-joomla/extensions/components/content-component/article-categories/90-klasik-83-4-kkhtml.html]
[vmdstavby.cz/images/typove_stavby_p/klasik_150p.jpg]
[vmdstavby.cz/index.php/using-joomla/extensions/components/content-component/article-categories/81-bungalov-87-4-kkhtml.html]
[vmdstavby.cz/index.php/using-joomla/extensions/components/content-component/article-categories/101-bungalov-114html.html]
[vmdstavby.cz/images/typove_stavby/Bungalov_114.jpg]
[vmdstavby.cz/index.php/using-joomla/extensions/components/content-component/article-categories/101-bungalov-114html.html]
[vmdstavby.cz/images/typove_stavby_p/bungalov_114.jpg]
[vmdstavby.cz/images/typove_stavby_p/bungalov_148.jpg]
[vmdstavby.cz/images/typove_projekty/KLASIK_84.jpg]
[vmdstavby.cz/images/typove_stavby_p/klasik_125p.jpg]
[vmdstavby.cz/components/com_phocagallery/assets/phocagallery.css]
[vmdstavby.cz/components/com_phocagallery/assets/fadeslideshow/fadeslideshow.js]
[vmdstavby.cz/index.php/galerie/1-vzorove-stavby/detail/20-nase-prace3c6f.html]
[vmdstavby.cz/components/com_phocagallery/assets/images/icon-prev.png]
[vmdstavby.cz/index.php/galerie/1-vzorove-stavby/detail/21-nase-prace4db3html.html]
[vmdstavby.cz/index.php/galerie/1-vzorove-stavby/detail/21-nase-prace3c6f.html]
[vmdstavby.cz/index.php/galerie/1-vzorove-stavby/detail/21-nase-prace4db3html.html]
[vmdstavby.cz/index.php/galerie/1-vzorove-stavby/detail/24-nase-prace3c6f.html]
[vmdstavby.cz/index.php/galerie/1-vzorove-stavby/detail/25-nase-prace4db3html.html]
[vmdstavby.cz/index.php/galerie/1-vzorove-stavby/detail/25-nase-prace3c6f.html]
[vmdstavby.cz/index.php/galerie/1-vzorove-stavby/detail/25-nase-prace4db3html.html]
[vmdstavby.cz/index.php/galerie/1-vzorove-stavby/detail/26-nase-prace4db3html.html]
[vmdstavby.cz/index.php/galerie/1-vzorove-stavby/detail/26-nase-prace3c6f.html]
[vmdstavby.cz/index.php/galerie/1-vzorove-stavby/detail/26-nase-prace4db3html.html]
[vmdstavby.cz/index.php/galerie/1-vzorove-stavby/detail/29-nase-prace4db3html.html]
[vmdstavby.cz/index.php/galerie/1-vzorove-stavby/detail/29-nase-prace3c6f.html]
[vmdstavby.cz/index.php/galerie/1-vzorove-stavby/detail/29-nase-prace4db3html.html]
[vmdstavby.cz/index.php/galerie/1-vzorove-stavby/detail/30-nase-prace3c6f.html]
[vmdstavby.cz/index.php/galerie/1-vzorove-stavby/detail/30-nase-prace4db3.html]
[vmdstavby.cz/index.php/galerie/1-vzorove-stavby/detail/31-nase-prace4db3html.html]
[vmdstavby.cz/index.php/galerie/1-vzorove-stavby/detail/31-nase-prace3c6f.html]
[vmdstavby.cz/index.php/galerie/1-vzorove-stavby/detail/31-nase-prace4db3html.html]
[vmdstavby.cz/index.php/galerie/1-vzorove-stavby/detail/32-nase-prace4db3html.html]
[vmdstavby.cz/index.php/galerie/1-vzorove-stavby/detail/32-nase-prace3c6f.html]
[vmdstavby.cz/index.php/galerie/1-vzorove-stavby/detail/32-nase-prace4db3html.html]
[vmdstavby.cz/index.php/galerie/1-vzorove-stavby/detail/34-nase-prace4db3html.html]
[vmdstavby.cz/index.php/galerie/1-vzorove-stavby/detail/34-nase-prace3c6f.html]
[vmdstavby.cz/index.php/galerie/1-vzorove-stavby/detail/34-nase-prace4db3html.html]
[vmdstavby.cz/index.php/galerie/1-vzorove-stavby/detail/35-nase-prace4db3html.html]
[vmdstavby.cz/index.php/galerie/1-vzorove-stavby/detail/35-nase-prace3c6f.html]
[vmdstavby.cz/index.php/galerie/1-vzorove-stavby/detail/35-nase-prace4db3html.html]
[vmdstavby.cz/index.php/galerie/1-vzorove-stavby/detail/36-nase-prace4db3html.html]
[vmdstavby.cz/index.php/galerie/1-vzorove-stavby/detail/36-nase-prace3c6f.html]
[vmdstavby.cz/index.php/galerie/1-vzorove-stavby/detail/36-nase-prace4db3html.html]
[vmdstavby.cz/index.php/galerie/1-vzorove-stavby/detail/38-nase-prace4db3html.html]
[vmdstavby.cz/index.php/galerie/1-vzorove-stavby/detail/38-nase-prace3c6f.html]
[vmdstavby.cz/index.php/galerie/1-vzorove-stavby/detail/38-nase-prace4db3html.html]
[vmdstavby.cz/images/phocagallery/stavby/thumbs/phoca_thumb_l_stavby_21.jpg]
[vmdstavby.cz/index.php/galerie/1-vzorove-stavby/detail/40-nase-prace4db3.html]
[vmdstavby.cz/index.php/galerie/1-vzorove-stavby/detail/40-nase-pracebd57.html]
[vmdstavby.cz/images/phocagallery/stavby/thumbs/phoca_thumb_l_stavby_22.jpg]
[vmdstavby.cz/index.php/galerie/1-vzorove-stavby/detail/41-nase-prace4db3.html]
[vmdstavby.cz/index.php/galerie/1-vzorove-stavby/detail/41-nase-pracebd57.html]
[vmdstavby.cz/images/phocagallery/stavby/thumbs/phoca_thumb_l_stavby_23.jpg]
[vmdstavby.cz/index.php/galerie/1-vzorove-stavby/detail/42-nase-prace4db3.html]
[vmdstavby.cz/index.php/galerie/1-vzorove-stavby/detail/42-nase-pracebd57.html]
[vmdstavby.cz/images/phocagallery/stavby/thumbs/phoca_thumb_l_stavby_24.jpg]
[vmdstavby.cz/index.php/galerie/1-vzorove-stavby/detail/43-nase-pracebd57.html]
[vmdstavby.cz/images/phocagallery/stavby/thumbs/phoca_thumb_l_stavby_25.jpg]
[vmdstavby.cz/index.php/galerie/1-vzorove-stavby/detail/44-nase-pracebd57.html]
[vmdstavby.cz/images/phocagallery/stavby/thumbs/phoca_thumb_l_stavby_26.jpg]
[vmdstavby.cz/index.php/galerie/1-vzorove-stavby/detail/45-nase-pracebd57.html]
[vmdstavby.cz/images/phocagallery/stavby/thumbs/phoca_thumb_l_stavby_27.jpg]
[vmdstavby.cz/index.php/galerie/1-vzorove-stavby/detail/46-nase-pracebd57.html]
[vmdstavby.cz/images/phocagallery/stavby/thumbs/phoca_thumb_l_stavby_28.jpg]
[vmdstavby.cz/index.php/galerie/1-vzorove-stavby/detail/47-nase-pracebd57.html]
[vmdstavby.cz/images/phocagallery/stavby/thumbs/phoca_thumb_l_stavby_29.jpg]
[vmdstavby.cz/index.php/galerie/1-vzorove-stavby/detail/48-nase-pracebd57.html]
[vmdstavby.cz/images/phocagallery/stavby/thumbs/phoca_thumb_l_stavby_30.jpg]
[vmdstavby.cz/index.php/galerie/1-vzorove-stavby/detail/49-nase-pracebd57.html]
[vmdstavby.cz/images/phocagallery/stavby/thumbs/phoca_thumb_l_stavby_31.jpg]
[vmdstavby.cz/index.php/galerie/1-vzorove-stavby/detail/50-nase-pracebd57.html]
[vmdstavby.cz/index.php/galerie/1-vzorove-stavby/detail/52-nase-prace4db3.html]
[vmdstavby.cz/index.php/galerie/1-vzorove-stavby/detail/52-nase-pracebd57.html]
[vmdstavby.cz/images/phocagallery/stavby/thumbs/phoca_thumb_l_stavby_34.jpg]
[vmdstavby.cz/index.php/galerie/1-vzorove-stavby/detail/53-nase-prace4db3.html]
[vmdstavby.cz/index.php/galerie/1-vzorove-stavby/detail/53-nase-pracebd57.html]
[vmdstavby.cz/images/phocagallery/stavby/thumbs/phoca_thumb_l_stavby_35.jpg]
[vmdstavby.cz/index.php/galerie/1-vzorove-stavby/detail/54-nase-pracebd57.html]
[vmdstavby.cz/index.php/galerie/1-vzorove-stavby/detail/55-nase-pracebd57.html]
[vmdstavby.cz/images/phocagallery/stavby/thumbs/phoca_thumb_l_stavby_37.jpg]
[vmdstavby.cz/index.php/galerie/1-vzorove-stavby/detail/56-nase-pracebd57.html]
[vmdstavby.cz/images/phocagallery/stavby/thumbs/phoca_thumb_l_stavby_38.jpg]
[vmdstavby.cz/index.php/galerie/1-vzorove-stavby/detail/57-nase-prace4db3.html]
[vmdstavby.cz/index.php/galerie/1-vzorove-stavby/detail/57-nase-pracebd57.html]
[vmdstavby.cz/images/phocagallery/stavby/thumbs/phoca_thumb_l_stavby_39.jpg]
[vmdstavby.cz/index.php/galerie/1-vzorove-stavby/detail/58-nase-prace4db3.html]
[vmdstavby.cz/index.php/galerie/1-vzorove-stavby/detail/58-nase-pracebd57.html]
[vmdstavby.cz/images/phocagallery/stavby/thumbs/phoca_thumb_l_stavby_40.jpg]
[vmdstavby.cz/index.php/galerie/1-vzorove-stavby/detail/59-nase-prace4db3.html]
[vmdstavby.cz/index.php/galerie/1-vzorove-stavby/detail/59-nase-pracebd57.html]
[vmdstavby.cz/images/phocagallery/stavby/thumbs/phoca_thumb_l_stavby_41.jpg]
[vmdstavby.cz/index.php/galerie/1-vzorove-stavby/detail/60-nase-pracebd57.html]
[vmdstavby.cz/index.php/galerie/1-vzorove-stavby/detail/61-nase-prace4db3.html]
[vmdstavby.cz/index.php/galerie/1-vzorove-stavby/detail/61-nase-pracebd57.html]
[vmdstavby.cz/images/phocagallery/stavby/thumbs/phoca_thumb_l_stavby_43.jpg]
[vmdstavby.cz/index.php/galerie/1-vzorove-stavby/detail/62-nase-pracebd57.html]
[vmdstavby.cz/index.php/galerie/1-vzorove-stavby/detail/63-nase-prace4db3.html]
[vmdstavby.cz/index.php/galerie/1-vzorove-stavby/detail/63-nase-pracebd57.html]
[vmdstavby.cz/images/phocagallery/stavby/thumbs/phoca_thumb_l_stavby_45.jpg]
[vmdstavby.cz/index.php/galerie/1-vzorove-stavby/detail/64-nase-prace4db3.html]
[vmdstavby.cz/index.php/galerie/1-vzorove-stavby/detail/64-nase-pracebd57.html]
[vmdstavby.cz/images/phocagallery/stavby/thumbs/phoca_thumb_l_stavby_46.jpg]
[vmdstavby.cz/index.php/galerie/1-vzorove-stavby/detail/65-nase-prace4db3.html]
[vmdstavby.cz/index.php/galerie/1-vzorove-stavby/detail/65-nase-pracebd57.html]
[vmdstavby.cz/images/phocagallery/stavby/thumbs/phoca_thumb_l_stavby_47.jpg]
[vmdstavby.cz/index.php/galerie/1-vzorove-stavby/detail/66-nase-pracebd57.html]
[vmdstavby.cz/images/phocagallery/stavby/thumbs/phoca_thumb_l_stavby_48.jpg]
[vmdstavby.cz/index.php/galerie/1-vzorove-stavby/detail/67-nase-pracebd57.html]
[vmdstavby.cz/images/phocagallery/stavby/thumbs/phoca_thumb_l_stavby_49.jpg]
[vmdstavby.cz/index.php/galerie/1-vzorove-stavby/detail/68-nase-pracebd57.html]
[vmdstavby.cz/images/phocagallery/stavby/thumbs/phoca_thumb_l_stavby_50.jpg]
[vmdstavby.cz/index.php/galerie/1-vzorove-stavby/detail/69-nase-pracebd57.html]
[vmdstavby.cz/images/phocagallery/stavby/thumbs/phoca_thumb_l_stavby_51.jpg]
[vmdstavby.cz/index.php/galerie/1-vzorove-stavby/detail/70-nase-pracebd57.html]
[vmdstavby.cz/images/phocagallery/stavby/thumbs/phoca_thumb_l_stavby_52.jpg]
[vmdstavby.cz/index.php/galerie/1-vzorove-stavby/detail/71-nase-pracebd57.html]
[vmdstavby.cz/index.php/galerie/1-vzorove-stavby/detail/72-nase-prace4db3.html]
[vmdstavby.cz/index.php/galerie/1-vzorove-stavby/detail/72-nase-pracebd57.html]
[vmdstavby.cz/images/phocagallery/stavby/thumbs/phoca_thumb_l_stavby_54.jpg]
[vmdstavby.cz/index.php/galerie/1-vzorove-stavby/detail/73-nase-prace4db3.html]
[vmdstavby.cz/index.php/galerie/1-vzorove-stavby/detail/73-nase-pracebd57.html]
[vmdstavby.cz/images/phocagallery/stavby/thumbs/phoca_thumb_l_stavby_55.jpg]
[vmdstavby.cz/index.php/galerie/1-vzorove-stavby/detail/74-nase-pracebd57.html]
[vmdstavby.cz/images/phocagallery/stavby/thumbs/phoca_thumb_l_stavby_56.jpg]
[vmdstavby.cz/index.php/galerie/1-vzorove-stavby/detail/75-nase-pracebd57.html]
[vmdstavby.cz/images/phocagallery/stavby/thumbs/phoca_thumb_l_stavby_57.jpg]
[vmdstavby.cz/index.php/galerie/1-vzorove-stavby/detail/76-nase-pracebd57.html]
[vmdstavby.cz/images/phocagallery/stavby/thumbs/phoca_thumb_l_stavby_58.jpg]
[vmdstavby.cz/index.php/galerie/1-vzorove-stavby/detail/77-nase-pracebd57.html]
[vmdstavby.cz/images/phocagallery/stavby/thumbs/phoca_thumb_l_stavby_59.jpg]
[vmdstavby.cz/index.php/galerie/1-vzorove-stavby/detail/78-nase-prace4db3.html]
[vmdstavby.cz/index.php/galerie/1-vzorove-stavby/detail/78-nase-pracebd57.html]
[vmdstavby.cz/images/phocagallery/stavby/thumbs/phoca_thumb_l_stavby_60.jpg]
[vmdstavby.cz/index.php/galerie/1-vzorove-stavby/detail/79-nase-prace4db3.html]
[vmdstavby.cz/index.php/galerie/1-vzorove-stavby/detail/79-nase-pracebd57.html]
[vmdstavby.cz/index.php/galerie/1-vzorove-stavby/detail/80-nase-pracec903html.html]
[vmdstavby.cz/index.php/galerie/1-vzorove-stavby/detail/82-nase-prace3c6f.html]
[vmdstavby.cz/index.php/galerie/1-vzorove-stavby/detail/82-nase-prace4db3.html]
[vmdstavby.cz/index.php/galerie/1-vzorove-stavby/detail/83-nase-pracebd57html.html]
[vmdstavby.cz/images/phocagallery/stavby/thumbs/phoca_thumb_l_stavby_64.jpg]
[vmdstavby.cz/index.php/galerie/1-vzorove-stavby/detail/83-nase-prace4db3.html]
[vmdstavby.cz/index.php/galerie/1-vzorove-stavby/detail/83-nase-pracebd57html.html]
[vmdstavby.cz/index.php/galerie/1-vzorove-stavby/detail/84-nase-pracebd57html.html]
[vmdstavby.cz/images/phocagallery/stavby/thumbs/phoca_thumb_l_stavby_65.jpg]
[vmdstavby.cz/index.php/galerie/1-vzorove-stavby/detail/84-nase-prace4db3.html]
[vmdstavby.cz/index.php/galerie/1-vzorove-stavby/detail/84-nase-pracebd57html.html]
[vmdstavby.cz/index.php/galerie/1-vzorove-stavby/detail/95-nase-prace3c6f.html]
[vmdstavby.cz/index.php/galerie/1-vzorove-stavby/detail/95-nase-prace4db3.html]
[vmdstavby.cz/index.php/galerie/1-vzorove-stavby/detail/99-nase-pracebd57html.html]
[vmdstavby.cz/images/phocagallery/stavby/thumbs/phoca_thumb_l_stavby_80.jpg]
[vmdstavby.cz/index.php/galerie/1-vzorove-stavby/detail/99-nase-prace4db3.html]
[vmdstavby.cz/index.php/galerie/1-vzorove-stavby/detail/99-nase-pracebd57html.html]
[vmdstavby.cz/index.php/galerie501fhtml.html]
[vmdstavby.cz/index.php/galerie501fhtml.html]
[vmdstavby.cz/index.php/galerie/1-vzorove-stavby/detail/100-nase-prace4db3.html]
[vmdstavby.cz/index.php/galerie/1-vzorove-stavby/detail/102-nase-pracebd57html.html]
[vmdstavby.cz/images/phocagallery/stavby/thumbs/phoca_thumb_l_stavby_83.jpg]
[vmdstavby.cz/index.php/galerie/1-vzorove-stavby/detail/102-nase-prace4db3.html]
[vmdstavby.cz/index.php/galerie/1-vzorove-stavby/detail/102-nase-pracebd57html.html]
[vmdstavby.cz/index.php/galerie/1-vzorove-stavby/detail/103-nase-prace3c6f.html]
[vmdstavby.cz/index.php/galerie/1-vzorove-stavby/detail/103-nase-prace4db3.html]
[vmdstavby.cz/index.php/galerie/1-vzorove-stavby/detail/104-nase-prace3c6f.html]
[vmdstavby.cz/index.php/galerie/1-vzorove-stavby/detail/104-nase-prace4db3.html]
[vmdstavby.cz/templates/jp_lofthouse/fonts/PTS75F-webfont.woff]
[vmdstavby.cz/images/typove_stavby_p/klasik_71.jpg]
[vmdstavby.cz/images/typove_stavby_p/klasik_83_2.jpg]
[vmdstavby.cz/images/typove_stavby_p/klasik_147p.jpg]
[vmdstavby.cz/images/typove_stavby_p/klasik_218.jpg]
[vmdstavby.cz/images/typove_stavby_p/bungalov_275.jpg]
[vmdstavby.cz/images/typove_stavby/KLASIK_56_4_kk_a.jpg]
[vmdstavby.cz/images/typove_stavby/KLASIK_138b.jpg]
[vmdstavby.cz/images/typove_stavby_p/klasik_189.jpg]
[vmdstavby.cz/index.php/galerie/1-vzorove-stavby/detail/21-nase-prace3c6f.html]
[vmdstavby.cz/index.php/galerie/1-vzorove-stavby/detail/22-nase-prace4db3html.html]
[vmdstavby.cz/index.php/galerie/1-vzorove-stavby/detail/22-nase-prace3c6f.html]
[vmdstavby.cz/index.php/galerie/1-vzorove-stavby/detail/22-nase-prace4db3html.html]
[vmdstavby.cz/index.php/galerie/1-vzorove-stavby/detail/23-nase-prace4db3html.html]
[vmdstavby.cz/index.php/galerie/1-vzorove-stavby/detail/23-nase-prace3c6f.html]
[vmdstavby.cz/index.php/galerie/1-vzorove-stavby/detail/23-nase-prace4db3html.html]
[vmdstavby.cz/index.php/galerie/1-vzorove-stavby/detail/25-nase-prace3c6f.html]
[vmdstavby.cz/index.php/galerie/1-vzorove-stavby/detail/26-nase-prace3c6f.html]
[vmdstavby.cz/index.php/galerie/1-vzorove-stavby/detail/27-nase-prace4db3html.html]
[vmdstavby.cz/index.php/galerie/1-vzorove-stavby/detail/27-nase-prace3c6f.html]
[vmdstavby.cz/index.php/galerie/1-vzorove-stavby/detail/27-nase-prace4db3html.html]
[vmdstavby.cz/index.php/galerie/1-vzorove-stavby/detail/28-nase-prace4db3html.html]
[vmdstavby.cz/index.php/galerie/1-vzorove-stavby/detail/28-nase-prace3c6f.html]
[vmdstavby.cz/index.php/galerie/1-vzorove-stavby/detail/28-nase-prace4db3html.html]
[vmdstavby.cz/index.php/galerie/1-vzorove-stavby/detail/29-nase-prace3c6f.html]
[vmdstavby.cz/index.php/galerie/1-vzorove-stavby/detail/30-nase-prace3c6f.html]
[vmdstavby.cz/index.php/galerie/1-vzorove-stavby/detail/31-nase-prace3c6f.html]
[vmdstavby.cz/index.php/galerie/1-vzorove-stavby/detail/32-nase-prace3c6f.html]
[vmdstavby.cz/index.php/galerie/1-vzorove-stavby/detail/33-nase-prace4db3html.html]
[vmdstavby.cz/index.php/galerie/1-vzorove-stavby/detail/33-nase-prace3c6f.html]
[vmdstavby.cz/index.php/galerie/1-vzorove-stavby/detail/33-nase-prace4db3html.html]
[vmdstavby.cz/index.php/galerie/1-vzorove-stavby/detail/34-nase-prace3c6f.html]
[vmdstavby.cz/index.php/galerie/1-vzorove-stavby/detail/35-nase-prace3c6f.html]
[vmdstavby.cz/index.php/galerie/1-vzorove-stavby/detail/36-nase-prace3c6f.html]
[vmdstavby.cz/index.php/galerie/1-vzorove-stavby/detail/37-nase-prace4db3html.html]
[vmdstavby.cz/index.php/galerie/1-vzorove-stavby/detail/37-nase-prace3c6f.html]
[vmdstavby.cz/index.php/galerie/1-vzorove-stavby/detail/37-nase-prace4db3html.html]
[vmdstavby.cz/index.php/galerie/1-vzorove-stavby/detail/38-nase-prace3c6f.html]
[vmdstavby.cz/index.php/galerie/1-vzorove-stavby/detail/39-nase-prace4db3html.html]
[vmdstavby.cz/index.php/galerie/1-vzorove-stavby/detail/39-nase-prace3c6f.html]
[vmdstavby.cz/index.php/galerie/1-vzorove-stavby/detail/39-nase-prace4db3html.html]
[vmdstavby.cz/index.php/galerie/1-vzorove-stavby/detail/40-nase-prace3c6f.html]
[vmdstavby.cz/index.php/galerie/1-vzorove-stavby/detail/40-nase-prace4db3.html]
[vmdstavby.cz/index.php/galerie/1-vzorove-stavby/detail/40-nase-pracec903html.html]
[vmdstavby.cz/index.php/galerie/1-vzorove-stavby/detail/41-nase-prace4db3.html]
[vmdstavby.cz/index.php/galerie/1-vzorove-stavby/detail/42-nase-prace3c6f.html]
[vmdstavby.cz/index.php/galerie/1-vzorove-stavby/detail/42-nase-prace4db3.html]
[vmdstavby.cz/index.php/galerie/1-vzorove-stavby/detail/42-nase-pracec903html.html]
[vmdstavby.cz/index.php/galerie/1-vzorove-stavby/detail/51-nase-pracebd57html.html]
[vmdstavby.cz/images/phocagallery/stavby/thumbs/phoca_thumb_l_stavby_32.jpg]
[vmdstavby.cz/index.php/galerie/1-vzorove-stavby/detail/51-nase-prace4db3.html]
[vmdstavby.cz/index.php/galerie/1-vzorove-stavby/detail/51-nase-pracebd57html.html]
[vmdstavby.cz/index.php/galerie/1-vzorove-stavby/detail/52-nase-prace3c6f.html]
[vmdstavby.cz/index.php/galerie/1-vzorove-stavby/detail/52-nase-prace4db3.html]
[vmdstavby.cz/index.php/galerie/1-vzorove-stavby/detail/53-nase-prace3c6f.html]
[vmdstavby.cz/index.php/galerie/1-vzorove-stavby/detail/53-nase-prace4db3.html]
[vmdstavby.cz/index.php/galerie/1-vzorove-stavby/detail/57-nase-prace3c6f.html]
[vmdstavby.cz/index.php/galerie/1-vzorove-stavby/detail/57-nase-prace4db3.html]
[vmdstavby.cz/index.php/galerie/1-vzorove-stavby/detail/58-nase-prace3c6f.html]
[vmdstavby.cz/index.php/galerie/1-vzorove-stavby/detail/58-nase-prace4db3.html]
[vmdstavby.cz/index.php/galerie/1-vzorove-stavby/detail/59-nase-prace3c6f.html]
[vmdstavby.cz/index.php/galerie/1-vzorove-stavby/detail/59-nase-prace4db3.html]
[vmdstavby.cz/index.php/galerie/1-vzorove-stavby/detail/61-nase-prace3c6f.html]
[vmdstavby.cz/index.php/galerie/1-vzorove-stavby/detail/61-nase-prace4db3.html]
[vmdstavby.cz/index.php/galerie/1-vzorove-stavby/detail/61-nase-pracec903.jpg]
[vmdstavby.cz/index.php/galerie/1-vzorove-stavby/detail/62-nase-pracec903.jpg]
[vmdstavby.cz/index.php/galerie/1-vzorove-stavby/detail/63-nase-prace3c6f.html]
[vmdstavby.cz/index.php/galerie/1-vzorove-stavby/detail/63-nase-prace4db3.html]
[vmdstavby.cz/index.php/galerie/1-vzorove-stavby/detail/63-nase-pracec903.jpg]
[vmdstavby.cz/index.php/galerie/1-vzorove-stavby/detail/64-nase-prace3c6f.html]
[vmdstavby.cz/index.php/galerie/1-vzorove-stavby/detail/64-nase-prace4db3.html]
[vmdstavby.cz/index.php/galerie/1-vzorove-stavby/detail/64-nase-pracec903.jpg]
[vmdstavby.cz/index.php/galerie/1-vzorove-stavby/detail/65-nase-prace3c6f.html]
[vmdstavby.cz/index.php/galerie/1-vzorove-stavby/detail/65-nase-prace4db3.html]
[vmdstavby.cz/index.php/galerie/1-vzorove-stavby/detail/72-nase-prace3c6f.html]
[vmdstavby.cz/index.php/galerie/1-vzorove-stavby/detail/72-nase-prace4db3.html]
[vmdstavby.cz/index.php/galerie/1-vzorove-stavby/detail/73-nase-prace3c6f.html]
[vmdstavby.cz/index.php/galerie/1-vzorove-stavby/detail/73-nase-prace4db3.html]
[vmdstavby.cz/index.php/galerie/1-vzorove-stavby/detail/78-nase-prace3c6f.html]
[vmdstavby.cz/index.php/galerie/1-vzorove-stavby/detail/78-nase-prace4db3.html]
[vmdstavby.cz/index.php/galerie/1-vzorove-stavby/detail/79-nase-prace3c6f.html]
[vmdstavby.cz/index.php/galerie/1-vzorove-stavby/detail/79-nase-prace4db3.html]
[vmdstavby.cz/index.php/galerie/1-vzorove-stavby/detail/80-nase-prace4db3html.html]
[vmdstavby.cz/index.php/galerie/1-vzorove-stavby/detail/80-nase-prace3c6f.html]
[vmdstavby.cz/index.php/galerie/1-vzorove-stavby/detail/80-nase-prace4db3html.html]
[vmdstavby.cz/index.php/galerie/1-vzorove-stavby/detail/81-nase-prace4db3html.html]
[vmdstavby.cz/index.php/galerie/1-vzorove-stavby/detail/81-nase-prace3c6f.html]
[vmdstavby.cz/index.php/galerie/1-vzorove-stavby/detail/81-nase-prace4db3html.html]
[vmdstavby.cz/index.php/galerie/1-vzorove-stavby/detail/82-nase-prace3c6f.html]
[vmdstavby.cz/index.php/galerie/1-vzorove-stavby/detail/83-nase-prace3c6f.html]
[vmdstavby.cz/index.php/galerie/1-vzorove-stavby/detail/83-nase-prace4db3.html]
[vmdstavby.cz/index.php/galerie/1-vzorove-stavby/detail/84-nase-prace3c6f.html]
[vmdstavby.cz/index.php/galerie/1-vzorove-stavby/detail/84-nase-prace4db3.html]
[vmdstavby.cz/index.php/galerie/1-vzorove-stavby/detail/85-nase-prace4db3html.html]
[vmdstavby.cz/index.php/galerie/1-vzorove-stavby/detail/85-nase-prace3c6f.html]
[vmdstavby.cz/index.php/galerie/1-vzorove-stavby/detail/85-nase-prace4db3html.html]
[vmdstavby.cz/index.php/galerie/1-vzorove-stavby/detail/86-nase-prace4db3html.html]
[vmdstavby.cz/index.php/galerie/1-vzorove-stavby/detail/86-nase-prace3c6f.html]
[vmdstavby.cz/index.php/galerie/1-vzorove-stavby/detail/86-nase-prace4db3html.html]
[vmdstavby.cz/index.php/galerie/1-vzorove-stavby/detail/87-nase-prace4db3html.html]
[vmdstavby.cz/index.php/galerie/1-vzorove-stavby/detail/87-nase-prace3c6f.html]
[vmdstavby.cz/index.php/galerie/1-vzorove-stavby/detail/87-nase-prace4db3html.html]
[vmdstavby.cz/index.php/galerie/1-vzorove-stavby/detail/88-nase-prace4db3html.html]
[vmdstavby.cz/index.php/galerie/1-vzorove-stavby/detail/88-nase-prace3c6f.html]
[vmdstavby.cz/index.php/galerie/1-vzorove-stavby/detail/88-nase-prace4db3html.html]
[vmdstavby.cz/index.php/galerie/1-vzorove-stavby/detail/89-nase-prace4db3html.html]
[vmdstavby.cz/index.php/galerie/1-vzorove-stavby/detail/89-nase-prace3c6f.html]
[vmdstavby.cz/index.php/galerie/1-vzorove-stavby/detail/89-nase-prace4db3html.html]
[vmdstavby.cz/index.php/galerie/1-vzorove-stavby/detail/90-nase-prace4db3html.html]
[vmdstavby.cz/index.php/galerie/1-vzorove-stavby/detail/90-nase-prace3c6f.html]
[vmdstavby.cz/index.php/galerie/1-vzorove-stavby/detail/90-nase-prace4db3html.html]
[vmdstavby.cz/index.php/galerie/1-vzorove-stavby/detail/91-nase-prace4db3html.html]
[vmdstavby.cz/index.php/galerie/1-vzorove-stavby/detail/91-nase-prace3c6f.html]
[vmdstavby.cz/index.php/galerie/1-vzorove-stavby/detail/91-nase-prace4db3html.html]
[vmdstavby.cz/index.php/galerie/1-vzorove-stavby/detail/92-nase-prace4db3html.html]
[vmdstavby.cz/index.php/galerie/1-vzorove-stavby/detail/92-nase-prace3c6f.html]
[vmdstavby.cz/index.php/galerie/1-vzorove-stavby/detail/92-nase-prace4db3html.html]
[vmdstavby.cz/index.php/galerie/1-vzorove-stavby/detail/93-nase-prace4db3html.html]
[vmdstavby.cz/index.php/galerie/1-vzorove-stavby/detail/93-nase-prace3c6f.html]
[vmdstavby.cz/index.php/galerie/1-vzorove-stavby/detail/93-nase-prace4db3html.html]
[vmdstavby.cz/index.php/galerie/1-vzorove-stavby/detail/94-nase-prace4db3html.html]
[vmdstavby.cz/index.php/galerie/1-vzorove-stavby/detail/94-nase-prace3c6f.html]
[vmdstavby.cz/index.php/galerie/1-vzorove-stavby/detail/94-nase-prace4db3html.html]
[vmdstavby.cz/index.php/galerie/1-vzorove-stavby/detail/95-nase-prace3c6f.html]
[vmdstavby.cz/index.php/galerie/1-vzorove-stavby/detail/96-nase-prace4db3html.html]
[vmdstavby.cz/index.php/galerie/1-vzorove-stavby/detail/96-nase-prace3c6f.html]
[vmdstavby.cz/index.php/galerie/1-vzorove-stavby/detail/96-nase-prace4db3html.html]
[vmdstavby.cz/index.php/galerie/1-vzorove-stavby/detail/97-nase-prace4db3html.html]
[vmdstavby.cz/index.php/galerie/1-vzorove-stavby/detail/97-nase-prace3c6f.html]
[vmdstavby.cz/index.php/galerie/1-vzorove-stavby/detail/97-nase-prace4db3html.html]
[vmdstavby.cz/index.php/galerie/1-vzorove-stavby/detail/98-nase-prace4db3html.html]
[vmdstavby.cz/index.php/galerie/1-vzorove-stavby/detail/98-nase-prace3c6f.html]
[vmdstavby.cz/index.php/galerie/1-vzorove-stavby/detail/98-nase-prace4db3html.html]
[vmdstavby.cz/index.php/galerie/1-vzorove-stavby/detail/99-nase-prace3c6f.html]
[vmdstavby.cz/index.php/galerie/1-vzorove-stavby/detail/99-nase-prace4db3.html]
[vmdstavby.cz/index.php/galerie/1-vzorove-stavby/detail/101-nase-prace4db3html.html]
[vmdstavby.cz/index.php/galerie/1-vzorove-stavby/detail/101-nase-prace3c6f.html]
[vmdstavby.cz/index.php/galerie/1-vzorove-stavby/detail/101-nase-prace4db3html.html]
[vmdstavby.cz/index.php/galerie/1-vzorove-stavby/detail/102-nase-prace3c6f.html]
[vmdstavby.cz/index.php/galerie/1-vzorove-stavby/detail/102-nase-prace4db3.html]
[vmdstavby.cz/images/phocagallery/stavby/thumbs/phoca_thumb_l_stavby_84.jpg]
[vmdstavby.cz/index.php/galerie/1-vzorove-stavby/detail/103-nase-prace3c6f.html]
[vmdstavby.cz/index.php/galerie/1-vzorove-stavby/detail/104-nase-prace3c6f.html]
[vmdstavby.cz/index.php/galerie/1-vzorove-stavby/detail/105-nase-prace4db3html.html]
[vmdstavby.cz/index.php/galerie/1-vzorove-stavby/detail/105-nase-prace3c6f.html]
[vmdstavby.cz/index.php/galerie/1-vzorove-stavby/detail/105-nase-prace4db3html.html]
[vmdstavby.cz/index.php/galerie/1-vzorove-stavby/detail/106-nase-prace4db3html.html]
[vmdstavby.cz/index.php/galerie/1-vzorove-stavby/detail/106-nase-prace3c6f.html]
[vmdstavby.cz/index.php/galerie/1-vzorove-stavby/detail/106-nase-prace4db3html.html]
[vmdstavby.cz/index.php/galerie/1-vzorove-stavby/detail/107-nase-prace4db3html.html]
[vmdstavby.cz/index.php/galerie/1-vzorove-stavby/detail/107-nase-prace3c6f.html]
[vmdstavby.cz/index.php/galerie/1-vzorove-stavby/detail/107-nase-prace4db3html.html]
[vmdstavby.cz/index.php/galerie/1-vzorove-stavby/detail/108-nase-prace4db3html.html]
[vmdstavby.cz/index.php/galerie/1-vzorove-stavby/detail/108-nase-prace3c6f.html]
[vmdstavby.cz/index.php/galerie/1-vzorove-stavby/detail/108-nase-prace4db3html.html]
[vmdstavby.cz/components/com_phocagallery/assets/images/icon-next-grey.png]
[vmdstavby.cz/images/typove_stavby_p/bungalov_179.jpg]
[vmdstavby.cz/images/typove_stavby_p/klasik_120p.jpg]
[vmdstavby.cz/index.php/galerie/1-vzorove-stavby/detail/22-nase-prace3c6f.html]
[vmdstavby.cz/index.php/galerie/1-vzorove-stavby/detail/23-nase-prace3c6f.html]
[vmdstavby.cz/index.php/galerie/1-vzorove-stavby/detail/27-nase-prace3c6f.html]
[vmdstavby.cz/index.php/galerie/1-vzorove-stavby/detail/28-nase-prace3c6f.html]
[vmdstavby.cz/index.php/galerie/1-vzorove-stavby/detail/33-nase-prace3c6f.html]
[vmdstavby.cz/index.php/galerie/1-vzorove-stavby/detail/37-nase-prace3c6f.html]
[vmdstavby.cz/index.php/galerie/1-vzorove-stavby/detail/39-nase-prace3c6f.html]
[vmdstavby.cz/index.php/galerie/1-vzorove-stavby/detail/40-nase-prace3c6f.html]
[vmdstavby.cz/index.php/galerie/1-vzorove-stavby/detail/42-nase-prace3c6f.html]
[vmdstavby.cz/index.php/galerie/1-vzorove-stavby/detail/43-nase-prace4db3html.html]
[vmdstavby.cz/index.php/galerie/1-vzorove-stavby/detail/43-nase-prace3c6f.html]
[vmdstavby.cz/index.php/galerie/1-vzorove-stavby/detail/43-nase-prace4db3html.html]
[vmdstavby.cz/index.php/galerie/1-vzorove-stavby/detail/44-nase-prace4db3html.html]
[vmdstavby.cz/index.php/galerie/1-vzorove-stavby/detail/44-nase-prace3c6f.html]
[vmdstavby.cz/index.php/galerie/1-vzorove-stavby/detail/44-nase-prace4db3html.html]
[vmdstavby.cz/index.php/galerie/1-vzorove-stavby/detail/45-nase-prace4db3html.html]
[vmdstavby.cz/index.php/galerie/1-vzorove-stavby/detail/45-nase-prace3c6f.html]
[vmdstavby.cz/index.php/galerie/1-vzorove-stavby/detail/45-nase-prace4db3html.html]
[vmdstavby.cz/index.php/galerie/1-vzorove-stavby/detail/46-nase-prace4db3html.html]
[vmdstavby.cz/index.php/galerie/1-vzorove-stavby/detail/46-nase-prace3c6f.html]
[vmdstavby.cz/index.php/galerie/1-vzorove-stavby/detail/46-nase-prace4db3html.html]
[vmdstavby.cz/index.php/galerie/1-vzorove-stavby/detail/47-nase-prace4db3html.html]
[vmdstavby.cz/index.php/galerie/1-vzorove-stavby/detail/47-nase-prace3c6f.html]
[vmdstavby.cz/index.php/galerie/1-vzorove-stavby/detail/47-nase-prace4db3html.html]
[vmdstavby.cz/index.php/galerie/1-vzorove-stavby/detail/48-nase-prace4db3html.html]
[vmdstavby.cz/index.php/galerie/1-vzorove-stavby/detail/48-nase-prace3c6f.html]
[vmdstavby.cz/index.php/galerie/1-vzorove-stavby/detail/48-nase-prace4db3html.html]
[vmdstavby.cz/index.php/galerie/1-vzorove-stavby/detail/49-nase-prace4db3html.html]
[vmdstavby.cz/index.php/galerie/1-vzorove-stavby/detail/49-nase-prace3c6f.html]
[vmdstavby.cz/index.php/galerie/1-vzorove-stavby/detail/49-nase-prace4db3html.html]
[vmdstavby.cz/index.php/galerie/1-vzorove-stavby/detail/50-nase-prace4db3html.html]
[vmdstavby.cz/index.php/galerie/1-vzorove-stavby/detail/50-nase-prace3c6f.html]
[vmdstavby.cz/index.php/galerie/1-vzorove-stavby/detail/50-nase-prace4db3html.html]
[vmdstavby.cz/index.php/galerie/1-vzorove-stavby/detail/51-nase-prace3c6f.html]
[vmdstavby.cz/index.php/galerie/1-vzorove-stavby/detail/51-nase-prace4db3.html]
[vmdstavby.cz/images/phocagallery/stavby/thumbs/phoca_thumb_l_stavby_33.jpg]
[vmdstavby.cz/index.php/galerie/1-vzorove-stavby/detail/52-nase-prace3c6f.html]
[vmdstavby.cz/index.php/galerie/1-vzorove-stavby/detail/53-nase-prace3c6f.html]
[vmdstavby.cz/index.php/galerie/1-vzorove-stavby/detail/54-nase-prace4db3html.html]
[vmdstavby.cz/index.php/galerie/1-vzorove-stavby/detail/54-nase-prace3c6f.html]
[vmdstavby.cz/index.php/galerie/1-vzorove-stavby/detail/54-nase-prace4db3html.html]
[vmdstavby.cz/images/phocagallery/stavby/thumbs/phoca_thumb_l_stavby_36.jpg]
[vmdstavby.cz/index.php/galerie/1-vzorove-stavby/detail/55-nase-prace4db3html.html]
[vmdstavby.cz/index.php/galerie/1-vzorove-stavby/detail/55-nase-prace3c6f.html]
[vmdstavby.cz/index.php/galerie/1-vzorove-stavby/detail/55-nase-prace4db3html.html]
[vmdstavby.cz/index.php/galerie/1-vzorove-stavby/detail/56-nase-prace4db3html.html]
[vmdstavby.cz/index.php/galerie/1-vzorove-stavby/detail/56-nase-prace3c6f.html]
[vmdstavby.cz/index.php/galerie/1-vzorove-stavby/detail/56-nase-prace4db3html.html]
[vmdstavby.cz/index.php/galerie/1-vzorove-stavby/detail/57-nase-prace3c6f.html]
[vmdstavby.cz/index.php/galerie/1-vzorove-stavby/detail/58-nase-prace3c6f.html]
[vmdstavby.cz/index.php/galerie/1-vzorove-stavby/detail/59-nase-prace3c6f.html]
[vmdstavby.cz/index.php/galerie/1-vzorove-stavby/detail/60-nase-prace4db3html.html]
[vmdstavby.cz/index.php/galerie/1-vzorove-stavby/detail/60-nase-prace3c6f.html]
[vmdstavby.cz/index.php/galerie/1-vzorove-stavby/detail/60-nase-prace4db3html.html]
[vmdstavby.cz/images/phocagallery/stavby/thumbs/phoca_thumb_l_stavby_42.jpg]
[vmdstavby.cz/index.php/galerie/1-vzorove-stavby/detail/61-nase-prace3c6f.html]
[vmdstavby.cz/index.php/galerie/1-vzorove-stavby/detail/62-nase-prace4db3html.html]
[vmdstavby.cz/index.php/galerie/1-vzorove-stavby/detail/62-nase-prace3c6f.html]
[vmdstavby.cz/index.php/galerie/1-vzorove-stavby/detail/62-nase-prace4db3html.html]
[vmdstavby.cz/images/phocagallery/stavby/thumbs/phoca_thumb_l_stavby_44.jpg]
[vmdstavby.cz/index.php/galerie/1-vzorove-stavby/detail/63-nase-prace3c6f.html]
[vmdstavby.cz/index.php/galerie/1-vzorove-stavby/detail/64-nase-prace3c6f.html]
[vmdstavby.cz/index.php/galerie/1-vzorove-stavby/detail/65-nase-prace3c6f.html]
[vmdstavby.cz/index.php/galerie/1-vzorove-stavby/detail/66-nase-prace4db3html.html]
[vmdstavby.cz/index.php/galerie/1-vzorove-stavby/detail/66-nase-prace3c6f.html]
[vmdstavby.cz/index.php/galerie/1-vzorove-stavby/detail/66-nase-prace4db3html.html]
[vmdstavby.cz/index.php/galerie/1-vzorove-stavby/detail/67-nase-prace4db3html.html]
[vmdstavby.cz/index.php/galerie/1-vzorove-stavby/detail/67-nase-prace3c6f.html]
[vmdstavby.cz/index.php/galerie/1-vzorove-stavby/detail/67-nase-prace4db3html.html]
[vmdstavby.cz/index.php/galerie/1-vzorove-stavby/detail/68-nase-prace4db3html.html]
[vmdstavby.cz/index.php/galerie/1-vzorove-stavby/detail/68-nase-prace3c6f.html]
[vmdstavby.cz/index.php/galerie/1-vzorove-stavby/detail/68-nase-prace4db3html.html]
[vmdstavby.cz/index.php/galerie/1-vzorove-stavby/detail/69-nase-prace4db3html.html]
[vmdstavby.cz/index.php/galerie/1-vzorove-stavby/detail/69-nase-prace3c6f.html]
[vmdstavby.cz/index.php/galerie/1-vzorove-stavby/detail/69-nase-prace4db3html.html]
[vmdstavby.cz/index.php/galerie/1-vzorove-stavby/detail/70-nase-prace4db3html.html]
[vmdstavby.cz/index.php/galerie/1-vzorove-stavby/detail/70-nase-prace3c6f.html]
[vmdstavby.cz/index.php/galerie/1-vzorove-stavby/detail/70-nase-prace4db3html.html]
[vmdstavby.cz/index.php/galerie/1-vzorove-stavby/detail/71-nase-prace4db3html.html]
[vmdstavby.cz/index.php/galerie/1-vzorove-stavby/detail/71-nase-prace3c6f.html]
[vmdstavby.cz/index.php/galerie/1-vzorove-stavby/detail/71-nase-prace4db3html.html]
[vmdstavby.cz/images/phocagallery/stavby/thumbs/phoca_thumb_l_stavby_53.jpg]
[vmdstavby.cz/index.php/galerie/1-vzorove-stavby/detail/72-nase-prace3c6f.html]
[vmdstavby.cz/index.php/galerie/1-vzorove-stavby/detail/73-nase-prace3c6f.html]
[vmdstavby.cz/index.php/galerie/1-vzorove-stavby/detail/74-nase-prace4db3html.html]
[vmdstavby.cz/index.php/galerie/1-vzorove-stavby/detail/74-nase-prace3c6f.html]
[vmdstavby.cz/index.php/galerie/1-vzorove-stavby/detail/74-nase-prace4db3html.html]
[vmdstavby.cz/index.php/galerie/1-vzorove-stavby/detail/75-nase-prace4db3html.html]
[vmdstavby.cz/index.php/galerie/1-vzorove-stavby/detail/75-nase-prace3c6f.html]
[vmdstavby.cz/index.php/galerie/1-vzorove-stavby/detail/75-nase-prace4db3html.html]
[vmdstavby.cz/index.php/galerie/1-vzorove-stavby/detail/76-nase-prace4db3html.html]
[vmdstavby.cz/index.php/galerie/1-vzorove-stavby/detail/76-nase-prace3c6f.html]
[vmdstavby.cz/index.php/galerie/1-vzorove-stavby/detail/76-nase-prace4db3html.html]
[vmdstavby.cz/index.php/galerie/1-vzorove-stavby/detail/77-nase-prace4db3html.html]
[vmdstavby.cz/index.php/galerie/1-vzorove-stavby/detail/77-nase-prace3c6f.html]
[vmdstavby.cz/index.php/galerie/1-vzorove-stavby/detail/77-nase-prace4db3html.html]
[vmdstavby.cz/index.php/galerie/1-vzorove-stavby/detail/78-nase-prace3c6f.html]
[vmdstavby.cz/index.php/galerie/1-vzorove-stavby/detail/79-nase-prace3c6f.html]
[vmdstavby.cz/index.php/galerie/1-vzorove-stavby/detail/80-nase-prace3c6f.html]
[vmdstavby.cz/index.php/galerie/1-vzorove-stavby/detail/81-nase-prace3c6f.html]
[vmdstavby.cz/index.php/galerie/1-vzorove-stavby/detail/83-nase-prace3c6f.html]
[vmdstavby.cz/index.php/galerie/1-vzorove-stavby/detail/84-nase-prace3c6f.html]
[vmdstavby.cz/index.php/galerie/1-vzorove-stavby/detail/85-nase-prace3c6f.html]
[vmdstavby.cz/index.php/galerie/1-vzorove-stavby/detail/86-nase-prace3c6f.html]
[vmdstavby.cz/index.php/galerie/1-vzorove-stavby/detail/87-nase-prace3c6f.html]
[vmdstavby.cz/index.php/galerie/1-vzorove-stavby/detail/88-nase-prace3c6f.html]
[vmdstavby.cz/index.php/galerie/1-vzorove-stavby/detail/89-nase-prace3c6f.html]
[vmdstavby.cz/index.php/galerie/1-vzorove-stavby/detail/90-nase-prace3c6f.html]
[vmdstavby.cz/index.php/galerie/1-vzorove-stavby/detail/91-nase-prace3c6f.html]
[vmdstavby.cz/index.php/galerie/1-vzorove-stavby/detail/92-nase-prace3c6f.html]
[vmdstavby.cz/index.php/galerie/1-vzorove-stavby/detail/93-nase-prace3c6f.html]
[vmdstavby.cz/index.php/galerie/1-vzorove-stavby/detail/94-nase-prace3c6f.html]
[vmdstavby.cz/index.php/galerie/1-vzorove-stavby/detail/96-nase-prace3c6f.html]
[vmdstavby.cz/index.php/galerie/1-vzorove-stavby/detail/97-nase-prace3c6f.html]
[vmdstavby.cz/index.php/galerie/1-vzorove-stavby/detail/98-nase-prace3c6f.html]
[vmdstavby.cz/index.php/galerie/1-vzorove-stavby/detail/99-nase-prace3c6f.html]
[vmdstavby.cz/index.php/galerie/1-vzorove-stavby/detail/100-nase-prace3c6fhtml.html]
[vmdstavby.cz/index.php/galerie/1-vzorove-stavby/detail/100-nase-prace3c6fhtml.html]
[vmdstavby.cz/index.php/galerie/1-vzorove-stavby/detail/101-nase-prace3c6f.html]
[vmdstavby.cz/index.php/galerie/1-vzorove-stavby/detail/102-nase-prace3c6f.html]
[vmdstavby.cz/index.php/galerie/1-vzorove-stavby/detail/105-nase-prace3c6f.html]
[vmdstavby.cz/index.php/galerie/1-vzorove-stavby/detail/106-nase-prace3c6f.html]
[vmdstavby.cz/index.php/galerie/1-vzorove-stavby/detail/107-nase-prace3c6f.html]
[vmdstavby.cz/index.php/galerie/1-vzorove-stavby/detail/108-nase-prace3c6f.html]
[vmdstavby.cz/index.php/galerie/1-vzorove-stavby/detail/41-nase-prace3c6fhtml.html]
[vmdstavby.cz/index.php/galerie/1-vzorove-stavby/detail/41-nase-prace3c6fhtml.html]
[vmdstavby.cz/index.php/galerie/1-vzorove-stavby/detail/43-nase-prace3c6f.html]
[vmdstavby.cz/index.php/galerie/1-vzorove-stavby/detail/44-nase-prace3c6f.html]
[vmdstavby.cz/index.php/galerie/1-vzorove-stavby/detail/45-nase-prace3c6f.html]
[vmdstavby.cz/index.php/galerie/1-vzorove-stavby/detail/46-nase-prace3c6f.html]
[vmdstavby.cz/index.php/galerie/1-vzorove-stavby/detail/47-nase-prace3c6f.html]
[vmdstavby.cz/index.php/galerie/1-vzorove-stavby/detail/48-nase-prace3c6f.html]
[vmdstavby.cz/index.php/galerie/1-vzorove-stavby/detail/49-nase-prace3c6f.html]
[vmdstavby.cz/index.php/galerie/1-vzorove-stavby/detail/50-nase-prace3c6f.html]
[vmdstavby.cz/index.php/galerie/1-vzorove-stavby/detail/51-nase-prace3c6f.html]
[vmdstavby.cz/index.php/galerie/1-vzorove-stavby/detail/54-nase-prace3c6f.html]
[vmdstavby.cz/index.php/galerie/1-vzorove-stavby/detail/55-nase-prace3c6f.html]
[vmdstavby.cz/index.php/galerie/1-vzorove-stavby/detail/56-nase-prace3c6f.html]
[vmdstavby.cz/index.php/galerie/1-vzorove-stavby/detail/60-nase-prace3c6f.html]
[vmdstavby.cz/index.php/galerie/1-vzorove-stavby/detail/62-nase-prace3c6f.html]
[vmdstavby.cz/index.php/galerie/1-vzorove-stavby/detail/66-nase-prace3c6f.html]
[vmdstavby.cz/index.php/galerie/1-vzorove-stavby/detail/67-nase-prace3c6f.html]
[vmdstavby.cz/index.php/galerie/1-vzorove-stavby/detail/68-nase-prace3c6f.html]
[vmdstavby.cz/index.php/galerie/1-vzorove-stavby/detail/69-nase-prace3c6f.html]
[vmdstavby.cz/index.php/galerie/1-vzorove-stavby/detail/70-nase-prace3c6f.html]
[vmdstavby.cz/index.php/galerie/1-vzorove-stavby/detail/71-nase-prace3c6f.html]
[vmdstavby.cz/index.php/galerie/1-vzorove-stavby/detail/74-nase-prace3c6f.html]
[vmdstavby.cz/index.php/galerie/1-vzorove-stavby/detail/75-nase-prace3c6f.html]
[vmdstavby.cz/index.php/galerie/1-vzorove-stavby/detail/76-nase-prace3c6f.html]
[vmdstavby.cz/index.php/galerie/1-vzorove-stavby/detail/77-nase-prace3c6f.html]
